python : Creating test database for alias 'default'...
En C:\Users\User\AppData\Local\Temp\ps-script-23707b0e-3a80-4e22-afad-0ed298e4376c.ps1: 75 Carácter: 43
+ ... stema pos"; python manage.py test pos.tests --verbosity=1 > test_outp ...
+                 ~~~~~~~~~~~~~~~~~~~~~~~~~~~~~~~~~~~~~~~~~~~~~~~~~~~~~~~~~
    + CategoryInfo          : NotSpecified: (Creating test d...as 'default'...:String) [], RemoteException
    + FullyQualifiedErrorId : NativeCommandError
 

Found 33 test(s).
System check identified no issues (0 silenced).
FEEEEEFEFFF.FFFFFFF.....FFEEFFFEF
======================================================================
ERROR: test_cerrar_caja (pos.tests.test_caja.CajaTestCase.test_cerrar_caja)
Test: Cerrar una caja
----------------------------------------------------------------------
Traceback (most recent call last):
  File "C:\Users\User\AppData\Local\Python\pythoncore-3.14-64\Lib\site-packages\django\db\backends\utils.py", line 89, 
in _execute
    return self.cursor.execute(sql, params)
           ~~~~~~~~~~~~~~~~~~~^^^^^^^^^^^^^
  File "C:\Users\User\AppData\Local\Python\pythoncore-3.14-64\Lib\site-packages\django\db\backends\sqlite3\base.py", 
line 357, in execute
    return Database.Cursor.execute(self, query, params)
           ~~~~~~~~~~~~~~~~~~~~~~~^^^^^^^^^^^^^^^^^^^^^
sqlite3.IntegrityError: NOT NULL constraint failed: pos_cajausuario.caja_id

The above exception was the direct cause of the following exception:

Traceback (most recent call last):
  File "C:\Users\User\Documents\Sistema pos\pos\tests\test_caja.py", line 60, in test_cerrar_caja
    caja_usuario = CajaUsuario.objects.create(
        usuario=self.user,
        monto_inicial=50000,
        fecha_apertura=timezone.now()
    )
  File "C:\Users\User\AppData\Local\Python\pythoncore-3.14-64\Lib\site-packages\django\db\models\manager.py", line 85, 
in manager_method
    return getattr(self.get_queryset(), name)(*args, **kwargs)
           ~~~~~~~~~~~~~~~~~~~~~~~~~~~~~~~~~~^^^^^^^^^^^^^^^^^
  File "C:\Users\User\AppData\Local\Python\pythoncore-3.14-64\Lib\site-packages\django\db\models\query.py", line 671, 
in create
    obj.save(force_insert=True, using=self.db)
    ~~~~~~~~^^^^^^^^^^^^^^^^^^^^^^^^^^^^^^^^^^
  File "C:\Users\User\AppData\Local\Python\pythoncore-3.14-64\Lib\site-packages\django\db\models\base.py", line 831, 
in save
    self.save_base(
    ~~~~~~~~~~~~~~^
        using=using,
        ^^^^^^^^^^^^
    ...<2 lines>...
        update_fields=update_fields,
        ^^^^^^^^^^^^^^^^^^^^^^^^^^^^
    )
    ^
  File "C:\Users\User\AppData\Local\Python\pythoncore-3.14-64\Lib\site-packages\django\db\models\base.py", line 882, 
in save_base
    updated = self._save_table(
        raw,
    ...<4 lines>...
        update_fields,
    )
  File "C:\Users\User\AppData\Local\Python\pythoncore-3.14-64\Lib\site-packages\django\db\models\base.py", line 1025, 
in _save_table
    results = self._do_insert(
        cls._base_manager, using, fields, returning_fields, raw
    )
  File "C:\Users\User\AppData\Local\Python\pythoncore-3.14-64\Lib\site-packages\django\db\models\base.py", line 1066, 
in _do_insert
    return manager._insert(
           ~~~~~~~~~~~~~~~^
        [self],
        ^^^^^^^
    ...<3 lines>...
        raw=raw,
        ^^^^^^^^
    )
    ^
  File "C:\Users\User\AppData\Local\Python\pythoncore-3.14-64\Lib\site-packages\django\db\models\manager.py", line 85, 
in manager_method
    return getattr(self.get_queryset(), name)(*args, **kwargs)
           ~~~~~~~~~~~~~~~~~~~~~~~~~~~~~~~~~~^^^^^^^^^^^^^^^^^
  File "C:\Users\User\AppData\Local\Python\pythoncore-3.14-64\Lib\site-packages\django\db\models\query.py", line 1790, 
in _insert
    return query.get_compiler(using=using).execute_sql(returning_fields)
           ~~~~~~~~~~~~~~~~~~~~~~~~~~~~~~~~~~~~~~~~~~~^^^^^^^^^^^^^^^^^^
  File "C:\Users\User\AppData\Local\Python\pythoncore-3.14-64\Lib\site-packages\django\db\models\sql\compiler.py", 
line 1657, in execute_sql
    cursor.execute(sql, params)
    ~~~~~~~~~~~~~~^^^^^^^^^^^^^
  File "C:\Users\User\AppData\Local\Python\pythoncore-3.14-64\Lib\site-packages\django\db\backends\utils.py", line 67, 
in execute
    return self._execute_with_wrappers(
           ~~~~~~~~~~~~~~~~~~~~~~~~~~~^
        sql, params, many=False, executor=self._execute
        ^^^^^^^^^^^^^^^^^^^^^^^^^^^^^^^^^^^^^^^^^^^^^^^
    )
    ^
  File "C:\Users\User\AppData\Local\Python\pythoncore-3.14-64\Lib\site-packages\django\db\backends\utils.py", line 80, 
in _execute_with_wrappers
    return executor(sql, params, many, context)
  File "C:\Users\User\AppData\Local\Python\pythoncore-3.14-64\Lib\site-packages\django\db\backends\utils.py", line 84, 
in _execute
    with self.db.wrap_database_errors:
         ^^^^^^^^^^^^^^^^^^^^^^^^^^^^
  File "C:\Users\User\AppData\Local\Python\pythoncore-3.14-64\Lib\site-packages\django\db\utils.py", line 91, in 
__exit__
    raise dj_exc_value.with_traceback(traceback) from exc_value
  File "C:\Users\User\AppData\Local\Python\pythoncore-3.14-64\Lib\site-packages\django\db\backends\utils.py", line 89, 
in _execute
    return self.cursor.execute(sql, params)
           ~~~~~~~~~~~~~~~~~~~^^^^^^^^^^^^^
  File "C:\Users\User\AppData\Local\Python\pythoncore-3.14-64\Lib\site-packages\django\db\backends\sqlite3\base.py", 
line 357, in execute
    return Database.Cursor.execute(self, query, params)
           ~~~~~~~~~~~~~~~~~~~~~~~^^^^^^^^^^^^^^^^^^^^^
django.db.utils.IntegrityError: NOT NULL constraint failed: pos_cajausuario.caja_id

======================================================================
ERROR: test_cerrar_caja_sin_dinero_suficiente (pos.tests.test_caja.CajaTestCase.test_cerrar_caja_sin_dinero_suficiente)
Test: Intentar cerrar caja retirando mßs de lo disponible
----------------------------------------------------------------------
Traceback (most recent call last):
  File "C:\Users\User\AppData\Local\Python\pythoncore-3.14-64\Lib\site-packages\django\db\backends\utils.py", line 89, 
in _execute
    return self.cursor.execute(sql, params)
           ~~~~~~~~~~~~~~~~~~~^^^^^^^^^^^^^
  File "C:\Users\User\AppData\Local\Python\pythoncore-3.14-64\Lib\site-packages\django\db\backends\sqlite3\base.py", 
line 357, in execute
    return Database.Cursor.execute(self, query, params)
           ~~~~~~~~~~~~~~~~~~~~~~~^^^^^^^^^^^^^^^^^^^^^
sqlite3.IntegrityError: NOT NULL constraint failed: pos_cajausuario.caja_id

The above exception was the direct cause of the following exception:

Traceback (most recent call last):
  File "C:\Users\User\Documents\Sistema pos\pos\tests\test_caja.py", line 94, in test_cerrar_caja_sin_dinero_suficiente
    CajaUsuario.objects.create(
    ~~~~~~~~~~~~~~~~~~~~~~~~~~^
        usuario=self.user,
        ^^^^^^^^^^^^^^^^^^
        monto_inicial=50000,
        ^^^^^^^^^^^^^^^^^^^^
        fecha_apertura=timezone.now()
        ^^^^^^^^^^^^^^^^^^^^^^^^^^^^^
    )
    ^
  File "C:\Users\User\AppData\Local\Python\pythoncore-3.14-64\Lib\site-packages\django\db\models\manager.py", line 85, 
in manager_method
    return getattr(self.get_queryset(), name)(*args, **kwargs)
           ~~~~~~~~~~~~~~~~~~~~~~~~~~~~~~~~~~^^^^^^^^^^^^^^^^^
  File "C:\Users\User\AppData\Local\Python\pythoncore-3.14-64\Lib\site-packages\django\db\models\query.py", line 671, 
in create
    obj.save(force_insert=True, using=self.db)
    ~~~~~~~~^^^^^^^^^^^^^^^^^^^^^^^^^^^^^^^^^^
  File "C:\Users\User\AppData\Local\Python\pythoncore-3.14-64\Lib\site-packages\django\db\models\base.py", line 831, 
in save
    self.save_base(
    ~~~~~~~~~~~~~~^
        using=using,
        ^^^^^^^^^^^^
    ...<2 lines>...
        update_fields=update_fields,
        ^^^^^^^^^^^^^^^^^^^^^^^^^^^^
    )
    ^
  File "C:\Users\User\AppData\Local\Python\pythoncore-3.14-64\Lib\site-packages\django\db\models\base.py", line 882, 
in save_base
    updated = self._save_table(
        raw,
    ...<4 lines>...
        update_fields,
    )
  File "C:\Users\User\AppData\Local\Python\pythoncore-3.14-64\Lib\site-packages\django\db\models\base.py", line 1025, 
in _save_table
    results = self._do_insert(
        cls._base_manager, using, fields, returning_fields, raw
    )
  File "C:\Users\User\AppData\Local\Python\pythoncore-3.14-64\Lib\site-packages\django\db\models\base.py", line 1066, 
in _do_insert
    return manager._insert(
           ~~~~~~~~~~~~~~~^
        [self],
        ^^^^^^^
    ...<3 lines>...
        raw=raw,
        ^^^^^^^^
    )
    ^
  File "C:\Users\User\AppData\Local\Python\pythoncore-3.14-64\Lib\site-packages\django\db\models\manager.py", line 85, 
in manager_method
    return getattr(self.get_queryset(), name)(*args, **kwargs)
           ~~~~~~~~~~~~~~~~~~~~~~~~~~~~~~~~~~^^^^^^^^^^^^^^^^^
  File "C:\Users\User\AppData\Local\Python\pythoncore-3.14-64\Lib\site-packages\django\db\models\query.py", line 1790, 
in _insert
    return query.get_compiler(using=using).execute_sql(returning_fields)
           ~~~~~~~~~~~~~~~~~~~~~~~~~~~~~~~~~~~~~~~~~~~^^^^^^^^^^^^^^^^^^
  File "C:\Users\User\AppData\Local\Python\pythoncore-3.14-64\Lib\site-packages\django\db\models\sql\compiler.py", 
line 1657, in execute_sql
    cursor.execute(sql, params)
    ~~~~~~~~~~~~~~^^^^^^^^^^^^^
  File "C:\Users\User\AppData\Local\Python\pythoncore-3.14-64\Lib\site-packages\django\db\backends\utils.py", line 67, 
in execute
    return self._execute_with_wrappers(
           ~~~~~~~~~~~~~~~~~~~~~~~~~~~^
        sql, params, many=False, executor=self._execute
        ^^^^^^^^^^^^^^^^^^^^^^^^^^^^^^^^^^^^^^^^^^^^^^^
    )
    ^
  File "C:\Users\User\AppData\Local\Python\pythoncore-3.14-64\Lib\site-packages\django\db\backends\utils.py", line 80, 
in _execute_with_wrappers
    return executor(sql, params, many, context)
  File "C:\Users\User\AppData\Local\Python\pythoncore-3.14-64\Lib\site-packages\django\db\backends\utils.py", line 84, 
in _execute
    with self.db.wrap_database_errors:
         ^^^^^^^^^^^^^^^^^^^^^^^^^^^^
  File "C:\Users\User\AppData\Local\Python\pythoncore-3.14-64\Lib\site-packages\django\db\utils.py", line 91, in 
__exit__
    raise dj_exc_value.with_traceback(traceback) from exc_value
  File "C:\Users\User\AppData\Local\Python\pythoncore-3.14-64\Lib\site-packages\django\db\backends\utils.py", line 89, 
in _execute
    return self.cursor.execute(sql, params)
           ~~~~~~~~~~~~~~~~~~~^^^^^^^^^^^^^
  File "C:\Users\User\AppData\Local\Python\pythoncore-3.14-64\Lib\site-packages\django\db\backends\sqlite3\base.py", 
line 357, in execute
    return Database.Cursor.execute(self, query, params)
           ~~~~~~~~~~~~~~~~~~~~~~~^^^^^^^^^^^^^^^^^^^^^
django.db.utils.IntegrityError: NOT NULL constraint failed: pos_cajausuario.caja_id

======================================================================
ERROR: test_registrar_gasto (pos.tests.test_caja.CajaTestCase.test_registrar_gasto)
Test: Registrar un gasto en la caja
----------------------------------------------------------------------
Traceback (most recent call last):
  File "C:\Users\User\AppData\Local\Python\pythoncore-3.14-64\Lib\site-packages\django\db\backends\utils.py", line 89, 
in _execute
    return self.cursor.execute(sql, params)
           ~~~~~~~~~~~~~~~~~~~^^^^^^^^^^^^^
  File "C:\Users\User\AppData\Local\Python\pythoncore-3.14-64\Lib\site-packages\django\db\backends\sqlite3\base.py", 
line 357, in execute
    return Database.Cursor.execute(self, query, params)
           ~~~~~~~~~~~~~~~~~~~~~~~^^^^^^^^^^^^^^^^^^^^^
sqlite3.IntegrityError: NOT NULL constraint failed: pos_cajausuario.caja_id

The above exception was the direct cause of the following exception:

Traceback (most recent call last):
  File "C:\Users\User\Documents\Sistema pos\pos\tests\test_caja.py", line 113, in test_registrar_gasto
    caja_usuario = CajaUsuario.objects.create(
        usuario=self.user,
        monto_inicial=50000,
        fecha_apertura=timezone.now()
    )
  File "C:\Users\User\AppData\Local\Python\pythoncore-3.14-64\Lib\site-packages\django\db\models\manager.py", line 85, 
in manager_method
    return getattr(self.get_queryset(), name)(*args, **kwargs)
           ~~~~~~~~~~~~~~~~~~~~~~~~~~~~~~~~~~^^^^^^^^^^^^^^^^^
  File "C:\Users\User\AppData\Local\Python\pythoncore-3.14-64\Lib\site-packages\django\db\models\query.py", line 671, 
in create
    obj.save(force_insert=True, using=self.db)
    ~~~~~~~~^^^^^^^^^^^^^^^^^^^^^^^^^^^^^^^^^^
  File "C:\Users\User\AppData\Local\Python\pythoncore-3.14-64\Lib\site-packages\django\db\models\base.py", line 831, 
in save
    self.save_base(
    ~~~~~~~~~~~~~~^
        using=using,
        ^^^^^^^^^^^^
    ...<2 lines>...
        update_fields=update_fields,
        ^^^^^^^^^^^^^^^^^^^^^^^^^^^^
    )
    ^
  File "C:\Users\User\AppData\Local\Python\pythoncore-3.14-64\Lib\site-packages\django\db\models\base.py", line 882, 
in save_base
    updated = self._save_table(
        raw,
    ...<4 lines>...
        update_fields,
    )
  File "C:\Users\User\AppData\Local\Python\pythoncore-3.14-64\Lib\site-packages\django\db\models\base.py", line 1025, 
in _save_table
    results = self._do_insert(
        cls._base_manager, using, fields, returning_fields, raw
    )
  File "C:\Users\User\AppData\Local\Python\pythoncore-3.14-64\Lib\site-packages\django\db\models\base.py", line 1066, 
in _do_insert
    return manager._insert(
           ~~~~~~~~~~~~~~~^
        [self],
        ^^^^^^^
    ...<3 lines>...
        raw=raw,
        ^^^^^^^^
    )
    ^
  File "C:\Users\User\AppData\Local\Python\pythoncore-3.14-64\Lib\site-packages\django\db\models\manager.py", line 85, 
in manager_method
    return getattr(self.get_queryset(), name)(*args, **kwargs)
           ~~~~~~~~~~~~~~~~~~~~~~~~~~~~~~~~~~^^^^^^^^^^^^^^^^^
  File "C:\Users\User\AppData\Local\Python\pythoncore-3.14-64\Lib\site-packages\django\db\models\query.py", line 1790, 
in _insert
    return query.get_compiler(using=using).execute_sql(returning_fields)
           ~~~~~~~~~~~~~~~~~~~~~~~~~~~~~~~~~~~~~~~~~~~^^^^^^^^^^^^^^^^^^
  File "C:\Users\User\AppData\Local\Python\pythoncore-3.14-64\Lib\site-packages\django\db\models\sql\compiler.py", 
line 1657, in execute_sql
    cursor.execute(sql, params)
    ~~~~~~~~~~~~~~^^^^^^^^^^^^^
  File "C:\Users\User\AppData\Local\Python\pythoncore-3.14-64\Lib\site-packages\django\db\backends\utils.py", line 67, 
in execute
    return self._execute_with_wrappers(
           ~~~~~~~~~~~~~~~~~~~~~~~~~~~^
        sql, params, many=False, executor=self._execute
        ^^^^^^^^^^^^^^^^^^^^^^^^^^^^^^^^^^^^^^^^^^^^^^^
    )
    ^
  File "C:\Users\User\AppData\Local\Python\pythoncore-3.14-64\Lib\site-packages\django\db\backends\utils.py", line 80, 
in _execute_with_wrappers
    return executor(sql, params, many, context)
  File "C:\Users\User\AppData\Local\Python\pythoncore-3.14-64\Lib\site-packages\django\db\backends\utils.py", line 84, 
in _execute
    with self.db.wrap_database_errors:
         ^^^^^^^^^^^^^^^^^^^^^^^^^^^^
  File "C:\Users\User\AppData\Local\Python\pythoncore-3.14-64\Lib\site-packages\django\db\utils.py", line 91, in 
__exit__
    raise dj_exc_value.with_traceback(traceback) from exc_value
  File "C:\Users\User\AppData\Local\Python\pythoncore-3.14-64\Lib\site-packages\django\db\backends\utils.py", line 89, 
in _execute
    return self.cursor.execute(sql, params)
           ~~~~~~~~~~~~~~~~~~~^^^^^^^^^^^^^
  File "C:\Users\User\AppData\Local\Python\pythoncore-3.14-64\Lib\site-packages\django\db\backends\sqlite3\base.py", 
line 357, in execute
    return Database.Cursor.execute(self, query, params)
           ~~~~~~~~~~~~~~~~~~~~~~~^^^^^^^^^^^^^^^^^^^^^
django.db.utils.IntegrityError: NOT NULL constraint failed: pos_cajausuario.caja_id

======================================================================
ERROR: test_registrar_ingreso (pos.tests.test_caja.CajaTestCase.test_registrar_ingreso)
Test: Registrar un ingreso en la caja
----------------------------------------------------------------------
Traceback (most recent call last):
  File "C:\Users\User\AppData\Local\Python\pythoncore-3.14-64\Lib\site-packages\django\db\backends\utils.py", line 89, 
in _execute
    return self.cursor.execute(sql, params)
           ~~~~~~~~~~~~~~~~~~~^^^^^^^^^^^^^
  File "C:\Users\User\AppData\Local\Python\pythoncore-3.14-64\Lib\site-packages\django\db\backends\sqlite3\base.py", 
line 357, in execute
    return Database.Cursor.execute(self, query, params)
           ~~~~~~~~~~~~~~~~~~~~~~~^^^^^^^^^^^^^^^^^^^^^
sqlite3.IntegrityError: NOT NULL constraint failed: pos_cajausuario.caja_id

The above exception was the direct cause of the following exception:

Traceback (most recent call last):
  File "C:\Users\User\Documents\Sistema pos\pos\tests\test_caja.py", line 140, in test_registrar_ingreso
    caja_usuario = CajaUsuario.objects.create(
        usuario=self.user,
        monto_inicial=50000,
        fecha_apertura=timezone.now()
    )
  File "C:\Users\User\AppData\Local\Python\pythoncore-3.14-64\Lib\site-packages\django\db\models\manager.py", line 85, 
in manager_method
    return getattr(self.get_queryset(), name)(*args, **kwargs)
           ~~~~~~~~~~~~~~~~~~~~~~~~~~~~~~~~~~^^^^^^^^^^^^^^^^^
  File "C:\Users\User\AppData\Local\Python\pythoncore-3.14-64\Lib\site-packages\django\db\models\query.py", line 671, 
in create
    obj.save(force_insert=True, using=self.db)
    ~~~~~~~~^^^^^^^^^^^^^^^^^^^^^^^^^^^^^^^^^^
  File "C:\Users\User\AppData\Local\Python\pythoncore-3.14-64\Lib\site-packages\django\db\models\base.py", line 831, 
in save
    self.save_base(
    ~~~~~~~~~~~~~~^
        using=using,
        ^^^^^^^^^^^^
    ...<2 lines>...
        update_fields=update_fields,
        ^^^^^^^^^^^^^^^^^^^^^^^^^^^^
    )
    ^
  File "C:\Users\User\AppData\Local\Python\pythoncore-3.14-64\Lib\site-packages\django\db\models\base.py", line 882, 
in save_base
    updated = self._save_table(
        raw,
    ...<4 lines>...
        update_fields,
    )
  File "C:\Users\User\AppData\Local\Python\pythoncore-3.14-64\Lib\site-packages\django\db\models\base.py", line 1025, 
in _save_table
    results = self._do_insert(
        cls._base_manager, using, fields, returning_fields, raw
    )
  File "C:\Users\User\AppData\Local\Python\pythoncore-3.14-64\Lib\site-packages\django\db\models\base.py", line 1066, 
in _do_insert
    return manager._insert(
           ~~~~~~~~~~~~~~~^
        [self],
        ^^^^^^^
    ...<3 lines>...
        raw=raw,
        ^^^^^^^^
    )
    ^
  File "C:\Users\User\AppData\Local\Python\pythoncore-3.14-64\Lib\site-packages\django\db\models\manager.py", line 85, 
in manager_method
    return getattr(self.get_queryset(), name)(*args, **kwargs)
           ~~~~~~~~~~~~~~~~~~~~~~~~~~~~~~~~~~^^^^^^^^^^^^^^^^^
  File "C:\Users\User\AppData\Local\Python\pythoncore-3.14-64\Lib\site-packages\django\db\models\query.py", line 1790, 
in _insert
    return query.get_compiler(using=using).execute_sql(returning_fields)
           ~~~~~~~~~~~~~~~~~~~~~~~~~~~~~~~~~~~~~~~~~~~^^^^^^^^^^^^^^^^^^
  File "C:\Users\User\AppData\Local\Python\pythoncore-3.14-64\Lib\site-packages\django\db\models\sql\compiler.py", 
line 1657, in execute_sql
    cursor.execute(sql, params)
    ~~~~~~~~~~~~~~^^^^^^^^^^^^^
  File "C:\Users\User\AppData\Local\Python\pythoncore-3.14-64\Lib\site-packages\django\db\backends\utils.py", line 67, 
in execute
    return self._execute_with_wrappers(
           ~~~~~~~~~~~~~~~~~~~~~~~~~~~^
        sql, params, many=False, executor=self._execute
        ^^^^^^^^^^^^^^^^^^^^^^^^^^^^^^^^^^^^^^^^^^^^^^^
    )
    ^
  File "C:\Users\User\AppData\Local\Python\pythoncore-3.14-64\Lib\site-packages\django\db\backends\utils.py", line 80, 
in _execute_with_wrappers
    return executor(sql, params, many, context)
  File "C:\Users\User\AppData\Local\Python\pythoncore-3.14-64\Lib\site-packages\django\db\backends\utils.py", line 84, 
in _execute
    with self.db.wrap_database_errors:
         ^^^^^^^^^^^^^^^^^^^^^^^^^^^^
  File "C:\Users\User\AppData\Local\Python\pythoncore-3.14-64\Lib\site-packages\django\db\utils.py", line 91, in 
__exit__
    raise dj_exc_value.with_traceback(traceback) from exc_value
  File "C:\Users\User\AppData\Local\Python\pythoncore-3.14-64\Lib\site-packages\django\db\backends\utils.py", line 89, 
in _execute
    return self.cursor.execute(sql, params)
           ~~~~~~~~~~~~~~~~~~~^^^^^^^^^^^^^
  File "C:\Users\User\AppData\Local\Python\pythoncore-3.14-64\Lib\site-packages\django\db\backends\sqlite3\base.py", 
line 357, in execute
    return Database.Cursor.execute(self, query, params)
           ~~~~~~~~~~~~~~~~~~~~~~~^^^^^^^^^^^^^^^^^^^^^
django.db.utils.IntegrityError: NOT NULL constraint failed: pos_cajausuario.caja_id

======================================================================
ERROR: test_venta_afecta_caja (pos.tests.test_caja.CajaTestCase.test_venta_afecta_caja)
Test: Verificar que una venta afecta el saldo de la caja
----------------------------------------------------------------------
Traceback (most recent call last):
  File "C:\Users\User\AppData\Local\Python\pythoncore-3.14-64\Lib\site-packages\django\db\backends\utils.py", line 89, 
in _execute
    return self.cursor.execute(sql, params)
           ~~~~~~~~~~~~~~~~~~~^^^^^^^^^^^^^
  File "C:\Users\User\AppData\Local\Python\pythoncore-3.14-64\Lib\site-packages\django\db\backends\sqlite3\base.py", 
line 357, in execute
    return Database.Cursor.execute(self, query, params)
           ~~~~~~~~~~~~~~~~~~~~~~~^^^^^^^^^^^^^^^^^^^^^
sqlite3.IntegrityError: NOT NULL constraint failed: pos_cajausuario.caja_id

The above exception was the direct cause of the following exception:

Traceback (most recent call last):
  File "C:\Users\User\Documents\Sistema pos\pos\tests\test_caja.py", line 166, in test_venta_afecta_caja
    caja_usuario = CajaUsuario.objects.create(
        usuario=self.user,
        monto_inicial=50000,
        fecha_apertura=timezone.now()
    )
  File "C:\Users\User\AppData\Local\Python\pythoncore-3.14-64\Lib\site-packages\django\db\models\manager.py", line 85, 
in manager_method
    return getattr(self.get_queryset(), name)(*args, **kwargs)
           ~~~~~~~~~~~~~~~~~~~~~~~~~~~~~~~~~~^^^^^^^^^^^^^^^^^
  File "C:\Users\User\AppData\Local\Python\pythoncore-3.14-64\Lib\site-packages\django\db\models\query.py", line 671, 
in create
    obj.save(force_insert=True, using=self.db)
    ~~~~~~~~^^^^^^^^^^^^^^^^^^^^^^^^^^^^^^^^^^
  File "C:\Users\User\AppData\Local\Python\pythoncore-3.14-64\Lib\site-packages\django\db\models\base.py", line 831, 
in save
    self.save_base(
    ~~~~~~~~~~~~~~^
        using=using,
        ^^^^^^^^^^^^
    ...<2 lines>...
        update_fields=update_fields,
        ^^^^^^^^^^^^^^^^^^^^^^^^^^^^
    )
    ^
  File "C:\Users\User\AppData\Local\Python\pythoncore-3.14-64\Lib\site-packages\django\db\models\base.py", line 882, 
in save_base
    updated = self._save_table(
        raw,
    ...<4 lines>...
        update_fields,
    )
  File "C:\Users\User\AppData\Local\Python\pythoncore-3.14-64\Lib\site-packages\django\db\models\base.py", line 1025, 
in _save_table
    results = self._do_insert(
        cls._base_manager, using, fields, returning_fields, raw
    )
  File "C:\Users\User\AppData\Local\Python\pythoncore-3.14-64\Lib\site-packages\django\db\models\base.py", line 1066, 
in _do_insert
    return manager._insert(
           ~~~~~~~~~~~~~~~^
        [self],
        ^^^^^^^
    ...<3 lines>...
        raw=raw,
        ^^^^^^^^
    )
    ^
  File "C:\Users\User\AppData\Local\Python\pythoncore-3.14-64\Lib\site-packages\django\db\models\manager.py", line 85, 
in manager_method
    return getattr(self.get_queryset(), name)(*args, **kwargs)
           ~~~~~~~~~~~~~~~~~~~~~~~~~~~~~~~~~~^^^^^^^^^^^^^^^^^
  File "C:\Users\User\AppData\Local\Python\pythoncore-3.14-64\Lib\site-packages\django\db\models\query.py", line 1790, 
in _insert
    return query.get_compiler(using=using).execute_sql(returning_fields)
           ~~~~~~~~~~~~~~~~~~~~~~~~~~~~~~~~~~~~~~~~~~~^^^^^^^^^^^^^^^^^^
  File "C:\Users\User\AppData\Local\Python\pythoncore-3.14-64\Lib\site-packages\django\db\models\sql\compiler.py", 
line 1657, in execute_sql
    cursor.execute(sql, params)
    ~~~~~~~~~~~~~~^^^^^^^^^^^^^
  File "C:\Users\User\AppData\Local\Python\pythoncore-3.14-64\Lib\site-packages\django\db\backends\utils.py", line 67, 
in execute
    return self._execute_with_wrappers(
           ~~~~~~~~~~~~~~~~~~~~~~~~~~~^
        sql, params, many=False, executor=self._execute
        ^^^^^^^^^^^^^^^^^^^^^^^^^^^^^^^^^^^^^^^^^^^^^^^
    )
    ^
  File "C:\Users\User\AppData\Local\Python\pythoncore-3.14-64\Lib\site-packages\django\db\backends\utils.py", line 80, 
in _execute_with_wrappers
    return executor(sql, params, many, context)
  File "C:\Users\User\AppData\Local\Python\pythoncore-3.14-64\Lib\site-packages\django\db\backends\utils.py", line 84, 
in _execute
    with self.db.wrap_database_errors:
         ^^^^^^^^^^^^^^^^^^^^^^^^^^^^
  File "C:\Users\User\AppData\Local\Python\pythoncore-3.14-64\Lib\site-packages\django\db\utils.py", line 91, in 
__exit__
    raise dj_exc_value.with_traceback(traceback) from exc_value
  File "C:\Users\User\AppData\Local\Python\pythoncore-3.14-64\Lib\site-packages\django\db\backends\utils.py", line 89, 
in _execute
    return self.cursor.execute(sql, params)
           ~~~~~~~~~~~~~~~~~~~^^^^^^^^^^^^^
  File "C:\Users\User\AppData\Local\Python\pythoncore-3.14-64\Lib\site-packages\django\db\backends\sqlite3\base.py", 
line 357, in execute
    return Database.Cursor.execute(self, query, params)
           ~~~~~~~~~~~~~~~~~~~~~~~^^^^^^^^^^^^^^^^^^^^^
django.db.utils.IntegrityError: NOT NULL constraint failed: pos_cajausuario.caja_id

======================================================================
ERROR: test_listar_clientes (pos.tests.test_clientes.ClientesTestCase.test_listar_clientes)
Test: Listar clientes potenciales
----------------------------------------------------------------------
Traceback (most recent call last):
  File "C:\Users\User\Documents\Sistema pos\pos\tests\test_clientes.py", line 29, in test_listar_clientes
    ClientePotencial.objects.create(
    ~~~~~~~~~~~~~~~~~~~~~~~~~~~~~~~^
        nombre='Cliente Test 1',
        ^^^^^^^^^^^^^^^^^^^^^^^^
    ...<2 lines>...
        usuario=self.user
        ^^^^^^^^^^^^^^^^^
    )
    ^
  File "C:\Users\User\AppData\Local\Python\pythoncore-3.14-64\Lib\site-packages\django\db\models\manager.py", line 85, 
in manager_method
    return getattr(self.get_queryset(), name)(*args, **kwargs)
           ~~~~~~~~~~~~~~~~~~~~~~~~~~~~~~~~~~^^^^^^^^^^^^^^^^^
  File "C:\Users\User\AppData\Local\Python\pythoncore-3.14-64\Lib\site-packages\django\db\models\query.py", line 669, 
in create
    obj = self.model(**kwargs)
  File "C:\Users\User\AppData\Local\Python\pythoncore-3.14-64\Lib\site-packages\django\db\models\base.py", line 585, 
in __init__
    raise TypeError(
    ...<2 lines>...
    )
TypeError: ClientePotencial() got unexpected keyword arguments: 'usuario'

======================================================================
ERROR: test_login_con_pin (pos.tests.test_usuarios.UsuariosTestCase.test_login_con_pin)
Test: Login con username y PIN
----------------------------------------------------------------------
Traceback (most recent call last):
  File "C:\Users\User\AppData\Local\Python\pythoncore-3.14-64\Lib\site-packages\django\core\handlers\exception.py", 
line 55, in inner
    response = get_response(request)
  File "C:\Users\User\AppData\Local\Python\pythoncore-3.14-64\Lib\site-packages\django\core\handlers\base.py", line 
197, in _get_response
    response = wrapped_callback(request, *callback_args, **callback_kwargs)
  File "C:\Users\User\Documents\Sistema pos\pos\views.py", line 154, in login_view
    return render(request, 'pos/login.html')
  File "C:\Users\User\AppData\Local\Python\pythoncore-3.14-64\Lib\site-packages\django\shortcuts.py", line 24, in 
render
    content = loader.render_to_string(template_name, context, request, using=using)
  File "C:\Users\User\AppData\Local\Python\pythoncore-3.14-64\Lib\site-packages\django\template\loader.py", line 62, 
in render_to_string
    return template.render(context, request)
           ~~~~~~~~~~~~~~~^^^^^^^^^^^^^^^^^^
  File "C:\Users\User\AppData\Local\Python\pythoncore-3.14-64\Lib\site-packages\django\template\backends\django.py", 
line 62, in render
    return self.template.render(context)
           ~~~~~~~~~~~~~~~~~~~~^^^^^^^^^
  File "C:\Users\User\AppData\Local\Python\pythoncore-3.14-64\Lib\site-packages\django\template\base.py", line 175, in 
render
    return self._render(context)
           ~~~~~~~~~~~~^^^^^^^^^
  File "C:\Users\User\AppData\Local\Python\pythoncore-3.14-64\Lib\site-packages\django\test\utils.py", line 110, in 
instrumented_test_render
    template_rendered.send(sender=self, template=self, context=context)
    ~~~~~~~~~~~~~~~~~~~~~~^^^^^^^^^^^^^^^^^^^^^^^^^^^^^^^^^^^^^^^^^^^^^
  File "C:\Users\User\AppData\Local\Python\pythoncore-3.14-64\Lib\site-packages\django\dispatch\dispatcher.py", line 
177, in send
    (receiver, receiver(signal=self, sender=sender, **named))
               ~~~~~~~~^^^^^^^^^^^^^^^^^^^^^^^^^^^^^^^^^^^^^
  File "C:\Users\User\AppData\Local\Python\pythoncore-3.14-64\Lib\site-packages\django\test\client.py", line 236, in 
store_rendered_templates
    store["context"].append(copy(context))
                            ~~~~^^^^^^^^^
  File "C:\Users\User\AppData\Local\Python\pythoncore-3.14-64\Lib\copy.py", line 82, in copy
    return copier(x)
  File "C:\Users\User\AppData\Local\Python\pythoncore-3.14-64\Lib\site-packages\django\template\context.py", line 158, 
in __copy__
    duplicate = super().__copy__()
  File "C:\Users\User\AppData\Local\Python\pythoncore-3.14-64\Lib\site-packages\django\template\context.py", line 39, 
in __copy__
    duplicate.dicts = self.dicts[:]
    ^^^^^^^^^^^^^^^
AttributeError: 'super' object has no attribute 'dicts' and no __dict__ for setting new attributes

During handling of the above exception, another exception occurred:

Traceback (most recent call last):
  File "C:\Users\User\AppData\Local\Python\pythoncore-3.14-64\Lib\site-packages\django\core\handlers\exception.py", 
line 55, in inner
    response = get_response(request)
  File "C:\Users\User\AppData\Local\Python\pythoncore-3.14-64\Lib\site-packages\django\utils\deprecation.py", line 
136, in __call__
    response = response or self.get_response(request)
                           ~~~~~~~~~~~~~~~~~^^^^^^^^^
  File "C:\Users\User\AppData\Local\Python\pythoncore-3.14-64\Lib\site-packages\django\core\handlers\exception.py", 
line 57, in inner
    response = response_for_exception(request, exc)
  File "C:\Users\User\AppData\Local\Python\pythoncore-3.14-64\Lib\site-packages\django\core\handlers\exception.py", 
line 143, in response_for_exception
    log_response(
    ~~~~~~~~~~~~^
        "%s: %s",
        ^^^^^^^^^
    ...<4 lines>...
        exception=exc,
        ^^^^^^^^^^^^^^
    )
    ^
  File "C:\Users\User\AppData\Local\Python\pythoncore-3.14-64\Lib\site-packages\django\utils\log.py", line 241, in 
log_response
    getattr(logger, level)(
    ~~~~~~~~~~~~~~~~~~~~~~^
        message,
        ^^^^^^^^
    ...<5 lines>...
        exc_info=exception,
        ^^^^^^^^^^^^^^^^^^^
    )
    ^
  File "C:\Users\User\AppData\Local\Python\pythoncore-3.14-64\Lib\logging\__init__.py", line 1549, in error
    self._log(ERROR, msg, args, **kwargs)
    ~~~~~~~~~^^^^^^^^^^^^^^^^^^^^^^^^^^^^
  File "C:\Users\User\AppData\Local\Python\pythoncore-3.14-64\Lib\logging\__init__.py", line 1665, in _log
    self.handle(record)
    ~~~~~~~~~~~^^^^^^^^
  File "C:\Users\User\AppData\Local\Python\pythoncore-3.14-64\Lib\logging\__init__.py", line 1681, in handle
    self.callHandlers(record)
    ~~~~~~~~~~~~~~~~~^^^^^^^^
  File "C:\Users\User\AppData\Local\Python\pythoncore-3.14-64\Lib\logging\__init__.py", line 1737, in callHandlers
    hdlr.handle(record)
    ~~~~~~~~~~~^^^^^^^^
  File "C:\Users\User\AppData\Local\Python\pythoncore-3.14-64\Lib\logging\__init__.py", line 1027, in handle
    self.emit(record)
    ~~~~~~~~~^^^^^^^^
  File "C:\Users\User\AppData\Local\Python\pythoncore-3.14-64\Lib\site-packages\django\utils\log.py", line 125, in emit
    reporter.get_traceback_text(),
    ~~~~~~~~~~~~~~~~~~~~~~~~~~~^^
  File "C:\Users\User\AppData\Local\Python\pythoncore-3.14-64\Lib\site-packages\django\views\debug.py", line 404, in 
get_traceback_text
    return t.render(c)
           ~~~~~~~~^^^
  File "C:\Users\User\AppData\Local\Python\pythoncore-3.14-64\Lib\site-packages\django\template\base.py", line 175, in 
render
    return self._render(context)
           ~~~~~~~~~~~~^^^^^^^^^
  File "C:\Users\User\AppData\Local\Python\pythoncore-3.14-64\Lib\site-packages\django\test\utils.py", line 110, in 
instrumented_test_render
    template_rendered.send(sender=self, template=self, context=context)
    ~~~~~~~~~~~~~~~~~~~~~~^^^^^^^^^^^^^^^^^^^^^^^^^^^^^^^^^^^^^^^^^^^^^
  File "C:\Users\User\AppData\Local\Python\pythoncore-3.14-64\Lib\site-packages\django\dispatch\dispatcher.py", line 
177, in send
    (receiver, receiver(signal=self, sender=sender, **named))
               ~~~~~~~~^^^^^^^^^^^^^^^^^^^^^^^^^^^^^^^^^^^^^
  File "C:\Users\User\AppData\Local\Python\pythoncore-3.14-64\Lib\site-packages\django\test\client.py", line 236, in 
store_rendered_templates
    store["context"].append(copy(context))
                            ~~~~^^^^^^^^^
  File "C:\Users\User\AppData\Local\Python\pythoncore-3.14-64\Lib\copy.py", line 82, in copy
    return copier(x)
  File "C:\Users\User\AppData\Local\Python\pythoncore-3.14-64\Lib\site-packages\django\template\context.py", line 158, 
in __copy__
    duplicate = super().__copy__()
  File "C:\Users\User\AppData\Local\Python\pythoncore-3.14-64\Lib\site-packages\django\template\context.py", line 39, 
in __copy__
    duplicate.dicts = self.dicts[:]
    ^^^^^^^^^^^^^^^
AttributeError: 'super' object has no attribute 'dicts' and no __dict__ for setting new attributes

During handling of the above exception, another exception occurred:

Traceback (most recent call last):
  File "C:\Users\User\AppData\Local\Python\pythoncore-3.14-64\Lib\site-packages\django\core\handlers\exception.py", 
line 55, in inner
    response = get_response(request)
  File "C:\Users\User\AppData\Local\Python\pythoncore-3.14-64\Lib\site-packages\django\utils\deprecation.py", line 
136, in __call__
    response = response or self.get_response(request)
                           ~~~~~~~~~~~~~~~~~^^^^^^^^^
  File "C:\Users\User\AppData\Local\Python\pythoncore-3.14-64\Lib\site-packages\django\core\handlers\exception.py", 
line 57, in inner
    response = response_for_exception(request, exc)
  File "C:\Users\User\AppData\Local\Python\pythoncore-3.14-64\Lib\site-packages\django\core\handlers\exception.py", 
line 143, in response_for_exception
    log_response(
    ~~~~~~~~~~~~^
        "%s: %s",
        ^^^^^^^^^
    ...<4 lines>...
        exception=exc,
        ^^^^^^^^^^^^^^
    )
    ^
  File "C:\Users\User\AppData\Local\Python\pythoncore-3.14-64\Lib\site-packages\django\utils\log.py", line 241, in 
log_response
    getattr(logger, level)(
    ~~~~~~~~~~~~~~~~~~~~~~^
        message,
        ^^^^^^^^
    ...<5 lines>...
        exc_info=exception,
        ^^^^^^^^^^^^^^^^^^^
    )
    ^
  File "C:\Users\User\AppData\Local\Python\pythoncore-3.14-64\Lib\logging\__init__.py", line 1549, in error
    self._log(ERROR, msg, args, **kwargs)
    ~~~~~~~~~^^^^^^^^^^^^^^^^^^^^^^^^^^^^
  File "C:\Users\User\AppData\Local\Python\pythoncore-3.14-64\Lib\logging\__init__.py", line 1665, in _log
    self.handle(record)
    ~~~~~~~~~~~^^^^^^^^
  File "C:\Users\User\AppData\Local\Python\pythoncore-3.14-64\Lib\logging\__init__.py", line 1681, in handle
    self.callHandlers(record)
    ~~~~~~~~~~~~~~~~~^^^^^^^^
  File "C:\Users\User\AppData\Local\Python\pythoncore-3.14-64\Lib\logging\__init__.py", line 1737, in callHandlers
    hdlr.handle(record)
    ~~~~~~~~~~~^^^^^^^^
  File "C:\Users\User\AppData\Local\Python\pythoncore-3.14-64\Lib\logging\__init__.py", line 1027, in handle
    self.emit(record)
    ~~~~~~~~~^^^^^^^^
  File "C:\Users\User\AppData\Local\Python\pythoncore-3.14-64\Lib\site-packages\django\utils\log.py", line 125, in emit
    reporter.get_traceback_text(),
    ~~~~~~~~~~~~~~~~~~~~~~~~~~~^^
  File "C:\Users\User\AppData\Local\Python\pythoncore-3.14-64\Lib\site-packages\django\views\debug.py", line 404, in 
get_traceback_text
    return t.render(c)
           ~~~~~~~~^^^
  File "C:\Users\User\AppData\Local\Python\pythoncore-3.14-64\Lib\site-packages\django\template\base.py", line 175, in 
render
    return self._render(context)
           ~~~~~~~~~~~~^^^^^^^^^
  File "C:\Users\User\AppData\Local\Python\pythoncore-3.14-64\Lib\site-packages\django\test\utils.py", line 110, in 
instrumented_test_render
    template_rendered.send(sender=self, template=self, context=context)
    ~~~~~~~~~~~~~~~~~~~~~~^^^^^^^^^^^^^^^^^^^^^^^^^^^^^^^^^^^^^^^^^^^^^
  File "C:\Users\User\AppData\Local\Python\pythoncore-3.14-64\Lib\site-packages\django\dispatch\dispatcher.py", line 
177, in send
    (receiver, receiver(signal=self, sender=sender, **named))
               ~~~~~~~~^^^^^^^^^^^^^^^^^^^^^^^^^^^^^^^^^^^^^
  File "C:\Users\User\AppData\Local\Python\pythoncore-3.14-64\Lib\site-packages\django\test\client.py", line 236, in 
store_rendered_templates
    store["context"].append(copy(context))
                            ~~~~^^^^^^^^^
  File "C:\Users\User\AppData\Local\Python\pythoncore-3.14-64\Lib\copy.py", line 82, in copy
    return copier(x)
  File "C:\Users\User\AppData\Local\Python\pythoncore-3.14-64\Lib\site-packages\django\template\context.py", line 158, 
in __copy__
    duplicate = super().__copy__()
  File "C:\Users\User\AppData\Local\Python\pythoncore-3.14-64\Lib\site-packages\django\template\context.py", line 39, 
in __copy__
    duplicate.dicts = self.dicts[:]
    ^^^^^^^^^^^^^^^
AttributeError: 'super' object has no attribute 'dicts' and no __dict__ for setting new attributes

During handling of the above exception, another exception occurred:

Traceback (most recent call last):
  File "C:\Users\User\AppData\Local\Python\pythoncore-3.14-64\Lib\site-packages\django\core\handlers\exception.py", 
line 55, in inner
    response = get_response(request)
  File "C:\Users\User\AppData\Local\Python\pythoncore-3.14-64\Lib\site-packages\django\utils\deprecation.py", line 
136, in __call__
    response = response or self.get_response(request)
                           ~~~~~~~~~~~~~~~~~^^^^^^^^^
  File "C:\Users\User\AppData\Local\Python\pythoncore-3.14-64\Lib\site-packages\django\core\handlers\exception.py", 
line 57, in inner
    response = response_for_exception(request, exc)
  File "C:\Users\User\AppData\Local\Python\pythoncore-3.14-64\Lib\site-packages\django\core\handlers\exception.py", 
line 143, in response_for_exception
    log_response(
    ~~~~~~~~~~~~^
        "%s: %s",
        ^^^^^^^^^
    ...<4 lines>...
        exception=exc,
        ^^^^^^^^^^^^^^
    )
    ^
  File "C:\Users\User\AppData\Local\Python\pythoncore-3.14-64\Lib\site-packages\django\utils\log.py", line 241, in 
log_response
    getattr(logger, level)(
    ~~~~~~~~~~~~~~~~~~~~~~^
        message,
        ^^^^^^^^
    ...<5 lines>...
        exc_info=exception,
        ^^^^^^^^^^^^^^^^^^^
    )
    ^
  File "C:\Users\User\AppData\Local\Python\pythoncore-3.14-64\Lib\logging\__init__.py", line 1549, in error
    self._log(ERROR, msg, args, **kwargs)
    ~~~~~~~~~^^^^^^^^^^^^^^^^^^^^^^^^^^^^
  File "C:\Users\User\AppData\Local\Python\pythoncore-3.14-64\Lib\logging\__init__.py", line 1665, in _log
    self.handle(record)
    ~~~~~~~~~~~^^^^^^^^
  File "C:\Users\User\AppData\Local\Python\pythoncore-3.14-64\Lib\logging\__init__.py", line 1681, in handle
    self.callHandlers(record)
    ~~~~~~~~~~~~~~~~~^^^^^^^^
  File "C:\Users\User\AppData\Local\Python\pythoncore-3.14-64\Lib\logging\__init__.py", line 1737, in callHandlers
    hdlr.handle(record)
    ~~~~~~~~~~~^^^^^^^^
  File "C:\Users\User\AppData\Local\Python\pythoncore-3.14-64\Lib\logging\__init__.py", line 1027, in handle
    self.emit(record)
    ~~~~~~~~~^^^^^^^^
  File "C:\Users\User\AppData\Local\Python\pythoncore-3.14-64\Lib\site-packages\django\utils\log.py", line 125, in emit
    reporter.get_traceback_text(),
    ~~~~~~~~~~~~~~~~~~~~~~~~~~~^^
  File "C:\Users\User\AppData\Local\Python\pythoncore-3.14-64\Lib\site-packages\django\views\debug.py", line 404, in 
get_traceback_text
    return t.render(c)
           ~~~~~~~~^^^
  File "C:\Users\User\AppData\Local\Python\pythoncore-3.14-64\Lib\site-packages\django\template\base.py", line 175, in 
render
    return self._render(context)
           ~~~~~~~~~~~~^^^^^^^^^
  File "C:\Users\User\AppData\Local\Python\pythoncore-3.14-64\Lib\site-packages\django\test\utils.py", line 110, in 
instrumented_test_render
    template_rendered.send(sender=self, template=self, context=context)
    ~~~~~~~~~~~~~~~~~~~~~~^^^^^^^^^^^^^^^^^^^^^^^^^^^^^^^^^^^^^^^^^^^^^
  File "C:\Users\User\AppData\Local\Python\pythoncore-3.14-64\Lib\site-packages\django\dispatch\dispatcher.py", line 
177, in send
    (receiver, receiver(signal=self, sender=sender, **named))
               ~~~~~~~~^^^^^^^^^^^^^^^^^^^^^^^^^^^^^^^^^^^^^
  File "C:\Users\User\AppData\Local\Python\pythoncore-3.14-64\Lib\site-packages\django\test\client.py", line 236, in 
store_rendered_templates
    store["context"].append(copy(context))
                            ~~~~^^^^^^^^^
  File "C:\Users\User\AppData\Local\Python\pythoncore-3.14-64\Lib\copy.py", line 82, in copy
    return copier(x)
  File "C:\Users\User\AppData\Local\Python\pythoncore-3.14-64\Lib\site-packages\django\template\context.py", line 158, 
in __copy__
    duplicate = super().__copy__()
  File "C:\Users\User\AppData\Local\Python\pythoncore-3.14-64\Lib\site-packages\django\template\context.py", line 39, 
in __copy__
    duplicate.dicts = self.dicts[:]
    ^^^^^^^^^^^^^^^
AttributeError: 'super' object has no attribute 'dicts' and no __dict__ for setting new attributes

During handling of the above exception, another exception occurred:

Traceback (most recent call last):
  File "C:\Users\User\AppData\Local\Python\pythoncore-3.14-64\Lib\site-packages\django\core\handlers\exception.py", 
line 55, in inner
    response = get_response(request)
  File "C:\Users\User\AppData\Local\Python\pythoncore-3.14-64\Lib\site-packages\django\utils\deprecation.py", line 
136, in __call__
    response = response or self.get_response(request)
                           ~~~~~~~~~~~~~~~~~^^^^^^^^^
  File "C:\Users\User\AppData\Local\Python\pythoncore-3.14-64\Lib\site-packages\django\core\handlers\exception.py", 
line 57, in inner
    response = response_for_exception(request, exc)
  File "C:\Users\User\AppData\Local\Python\pythoncore-3.14-64\Lib\site-packages\django\core\handlers\exception.py", 
line 143, in response_for_exception
    log_response(
    ~~~~~~~~~~~~^
        "%s: %s",
        ^^^^^^^^^
    ...<4 lines>...
        exception=exc,
        ^^^^^^^^^^^^^^
    )
    ^
  File "C:\Users\User\AppData\Local\Python\pythoncore-3.14-64\Lib\site-packages\django\utils\log.py", line 241, in 
log_response
    getattr(logger, level)(
    ~~~~~~~~~~~~~~~~~~~~~~^
        message,
        ^^^^^^^^
    ...<5 lines>...
        exc_info=exception,
        ^^^^^^^^^^^^^^^^^^^
    )
    ^
  File "C:\Users\User\AppData\Local\Python\pythoncore-3.14-64\Lib\logging\__init__.py", line 1549, in error
    self._log(ERROR, msg, args, **kwargs)
    ~~~~~~~~~^^^^^^^^^^^^^^^^^^^^^^^^^^^^
  File "C:\Users\User\AppData\Local\Python\pythoncore-3.14-64\Lib\logging\__init__.py", line 1665, in _log
    self.handle(record)
    ~~~~~~~~~~~^^^^^^^^
  File "C:\Users\User\AppData\Local\Python\pythoncore-3.14-64\Lib\logging\__init__.py", line 1681, in handle
    self.callHandlers(record)
    ~~~~~~~~~~~~~~~~~^^^^^^^^
  File "C:\Users\User\AppData\Local\Python\pythoncore-3.14-64\Lib\logging\__init__.py", line 1737, in callHandlers
    hdlr.handle(record)
    ~~~~~~~~~~~^^^^^^^^
  File "C:\Users\User\AppData\Local\Python\pythoncore-3.14-64\Lib\logging\__init__.py", line 1027, in handle
    self.emit(record)
    ~~~~~~~~~^^^^^^^^
  File "C:\Users\User\AppData\Local\Python\pythoncore-3.14-64\Lib\site-packages\django\utils\log.py", line 125, in emit
    reporter.get_traceback_text(),
    ~~~~~~~~~~~~~~~~~~~~~~~~~~~^^
  File "C:\Users\User\AppData\Local\Python\pythoncore-3.14-64\Lib\site-packages\django\views\debug.py", line 404, in 
get_traceback_text
    return t.render(c)
           ~~~~~~~~^^^
  File "C:\Users\User\AppData\Local\Python\pythoncore-3.14-64\Lib\site-packages\django\template\base.py", line 175, in 
render
    return self._render(context)
           ~~~~~~~~~~~~^^^^^^^^^
  File "C:\Users\User\AppData\Local\Python\pythoncore-3.14-64\Lib\site-packages\django\test\utils.py", line 110, in 
instrumented_test_render
    template_rendered.send(sender=self, template=self, context=context)
    ~~~~~~~~~~~~~~~~~~~~~~^^^^^^^^^^^^^^^^^^^^^^^^^^^^^^^^^^^^^^^^^^^^^
  File "C:\Users\User\AppData\Local\Python\pythoncore-3.14-64\Lib\site-packages\django\dispatch\dispatcher.py", line 
177, in send
    (receiver, receiver(signal=self, sender=sender, **named))
               ~~~~~~~~^^^^^^^^^^^^^^^^^^^^^^^^^^^^^^^^^^^^^
  File "C:\Users\User\AppData\Local\Python\pythoncore-3.14-64\Lib\site-packages\django\test\client.py", line 236, in 
store_rendered_templates
    store["context"].append(copy(context))
                            ~~~~^^^^^^^^^
  File "C:\Users\User\AppData\Local\Python\pythoncore-3.14-64\Lib\copy.py", line 82, in copy
    return copier(x)
  File "C:\Users\User\AppData\Local\Python\pythoncore-3.14-64\Lib\site-packages\django\template\context.py", line 158, 
in __copy__
    duplicate = super().__copy__()
  File "C:\Users\User\AppData\Local\Python\pythoncore-3.14-64\Lib\site-packages\django\template\context.py", line 39, 
in __copy__
    duplicate.dicts = self.dicts[:]
    ^^^^^^^^^^^^^^^
AttributeError: 'super' object has no attribute 'dicts' and no __dict__ for setting new attributes

During handling of the above exception, another exception occurred:

Traceback (most recent call last):
  File "C:\Users\User\AppData\Local\Python\pythoncore-3.14-64\Lib\site-packages\django\core\handlers\exception.py", 
line 55, in inner
    response = get_response(request)
  File "C:\Users\User\AppData\Local\Python\pythoncore-3.14-64\Lib\site-packages\django\utils\deprecation.py", line 
136, in __call__
    response = response or self.get_response(request)
                           ~~~~~~~~~~~~~~~~~^^^^^^^^^
  File "C:\Users\User\AppData\Local\Python\pythoncore-3.14-64\Lib\site-packages\django\core\handlers\exception.py", 
line 57, in inner
    response = response_for_exception(request, exc)
  File "C:\Users\User\AppData\Local\Python\pythoncore-3.14-64\Lib\site-packages\django\core\handlers\exception.py", 
line 143, in response_for_exception
    log_response(
    ~~~~~~~~~~~~^
        "%s: %s",
        ^^^^^^^^^
    ...<4 lines>...
        exception=exc,
        ^^^^^^^^^^^^^^
    )
    ^
  File "C:\Users\User\AppData\Local\Python\pythoncore-3.14-64\Lib\site-packages\django\utils\log.py", line 241, in 
log_response
    getattr(logger, level)(
    ~~~~~~~~~~~~~~~~~~~~~~^
        message,
        ^^^^^^^^
    ...<5 lines>...
        exc_info=exception,
        ^^^^^^^^^^^^^^^^^^^
    )
    ^
  File "C:\Users\User\AppData\Local\Python\pythoncore-3.14-64\Lib\logging\__init__.py", line 1549, in error
    self._log(ERROR, msg, args, **kwargs)
    ~~~~~~~~~^^^^^^^^^^^^^^^^^^^^^^^^^^^^
  File "C:\Users\User\AppData\Local\Python\pythoncore-3.14-64\Lib\logging\__init__.py", line 1665, in _log
    self.handle(record)
    ~~~~~~~~~~~^^^^^^^^
  File "C:\Users\User\AppData\Local\Python\pythoncore-3.14-64\Lib\logging\__init__.py", line 1681, in handle
    self.callHandlers(record)
    ~~~~~~~~~~~~~~~~~^^^^^^^^
  File "C:\Users\User\AppData\Local\Python\pythoncore-3.14-64\Lib\logging\__init__.py", line 1737, in callHandlers
    hdlr.handle(record)
    ~~~~~~~~~~~^^^^^^^^
  File "C:\Users\User\AppData\Local\Python\pythoncore-3.14-64\Lib\logging\__init__.py", line 1027, in handle
    self.emit(record)
    ~~~~~~~~~^^^^^^^^
  File "C:\Users\User\AppData\Local\Python\pythoncore-3.14-64\Lib\site-packages\django\utils\log.py", line 125, in emit
    reporter.get_traceback_text(),
    ~~~~~~~~~~~~~~~~~~~~~~~~~~~^^
  File "C:\Users\User\AppData\Local\Python\pythoncore-3.14-64\Lib\site-packages\django\views\debug.py", line 404, in 
get_traceback_text
    return t.render(c)
           ~~~~~~~~^^^
  File "C:\Users\User\AppData\Local\Python\pythoncore-3.14-64\Lib\site-packages\django\template\base.py", line 175, in 
render
    return self._render(context)
           ~~~~~~~~~~~~^^^^^^^^^
  File "C:\Users\User\AppData\Local\Python\pythoncore-3.14-64\Lib\site-packages\django\test\utils.py", line 110, in 
instrumented_test_render
    template_rendered.send(sender=self, template=self, context=context)
    ~~~~~~~~~~~~~~~~~~~~~~^^^^^^^^^^^^^^^^^^^^^^^^^^^^^^^^^^^^^^^^^^^^^
  File "C:\Users\User\AppData\Local\Python\pythoncore-3.14-64\Lib\site-packages\django\dispatch\dispatcher.py", line 
177, in send
    (receiver, receiver(signal=self, sender=sender, **named))
               ~~~~~~~~^^^^^^^^^^^^^^^^^^^^^^^^^^^^^^^^^^^^^
  File "C:\Users\User\AppData\Local\Python\pythoncore-3.14-64\Lib\site-packages\django\test\client.py", line 236, in 
store_rendered_templates
    store["context"].append(copy(context))
                            ~~~~^^^^^^^^^
  File "C:\Users\User\AppData\Local\Python\pythoncore-3.14-64\Lib\copy.py", line 82, in copy
    return copier(x)
  File "C:\Users\User\AppData\Local\Python\pythoncore-3.14-64\Lib\site-packages\django\template\context.py", line 158, 
in __copy__
    duplicate = super().__copy__()
  File "C:\Users\User\AppData\Local\Python\pythoncore-3.14-64\Lib\site-packages\django\template\context.py", line 39, 
in __copy__
    duplicate.dicts = self.dicts[:]
    ^^^^^^^^^^^^^^^
AttributeError: 'super' object has no attribute 'dicts' and no __dict__ for setting new attributes

During handling of the above exception, another exception occurred:

Traceback (most recent call last):
  File "C:\Users\User\AppData\Local\Python\pythoncore-3.14-64\Lib\site-packages\django\core\handlers\exception.py", 
line 55, in inner
    response = get_response(request)
  File "C:\Users\User\AppData\Local\Python\pythoncore-3.14-64\Lib\site-packages\django\utils\deprecation.py", line 
136, in __call__
    response = response or self.get_response(request)
                           ~~~~~~~~~~~~~~~~~^^^^^^^^^
  File "C:\Users\User\AppData\Local\Python\pythoncore-3.14-64\Lib\site-packages\django\core\handlers\exception.py", 
line 57, in inner
    response = response_for_exception(request, exc)
  File "C:\Users\User\AppData\Local\Python\pythoncore-3.14-64\Lib\site-packages\django\core\handlers\exception.py", 
line 143, in response_for_exception
    log_response(
    ~~~~~~~~~~~~^
        "%s: %s",
        ^^^^^^^^^
    ...<4 lines>...
        exception=exc,
        ^^^^^^^^^^^^^^
    )
    ^
  File "C:\Users\User\AppData\Local\Python\pythoncore-3.14-64\Lib\site-packages\django\utils\log.py", line 241, in 
log_response
    getattr(logger, level)(
    ~~~~~~~~~~~~~~~~~~~~~~^
        message,
        ^^^^^^^^
    ...<5 lines>...
        exc_info=exception,
        ^^^^^^^^^^^^^^^^^^^
    )
    ^
  File "C:\Users\User\AppData\Local\Python\pythoncore-3.14-64\Lib\logging\__init__.py", line 1549, in error
    self._log(ERROR, msg, args, **kwargs)
    ~~~~~~~~~^^^^^^^^^^^^^^^^^^^^^^^^^^^^
  File "C:\Users\User\AppData\Local\Python\pythoncore-3.14-64\Lib\logging\__init__.py", line 1665, in _log
    self.handle(record)
    ~~~~~~~~~~~^^^^^^^^
  File "C:\Users\User\AppData\Local\Python\pythoncore-3.14-64\Lib\logging\__init__.py", line 1681, in handle
    self.callHandlers(record)
    ~~~~~~~~~~~~~~~~~^^^^^^^^
  File "C:\Users\User\AppData\Local\Python\pythoncore-3.14-64\Lib\logging\__init__.py", line 1737, in callHandlers
    hdlr.handle(record)
    ~~~~~~~~~~~^^^^^^^^
  File "C:\Users\User\AppData\Local\Python\pythoncore-3.14-64\Lib\logging\__init__.py", line 1027, in handle
    self.emit(record)
    ~~~~~~~~~^^^^^^^^
  File "C:\Users\User\AppData\Local\Python\pythoncore-3.14-64\Lib\site-packages\django\utils\log.py", line 125, in emit
    reporter.get_traceback_text(),
    ~~~~~~~~~~~~~~~~~~~~~~~~~~~^^
  File "C:\Users\User\AppData\Local\Python\pythoncore-3.14-64\Lib\site-packages\django\views\debug.py", line 404, in 
get_traceback_text
    return t.render(c)
           ~~~~~~~~^^^
  File "C:\Users\User\AppData\Local\Python\pythoncore-3.14-64\Lib\site-packages\django\template\base.py", line 175, in 
render
    return self._render(context)
           ~~~~~~~~~~~~^^^^^^^^^
  File "C:\Users\User\AppData\Local\Python\pythoncore-3.14-64\Lib\site-packages\django\test\utils.py", line 110, in 
instrumented_test_render
    template_rendered.send(sender=self, template=self, context=context)
    ~~~~~~~~~~~~~~~~~~~~~~^^^^^^^^^^^^^^^^^^^^^^^^^^^^^^^^^^^^^^^^^^^^^
  File "C:\Users\User\AppData\Local\Python\pythoncore-3.14-64\Lib\site-packages\django\dispatch\dispatcher.py", line 
177, in send
    (receiver, receiver(signal=self, sender=sender, **named))
               ~~~~~~~~^^^^^^^^^^^^^^^^^^^^^^^^^^^^^^^^^^^^^
  File "C:\Users\User\AppData\Local\Python\pythoncore-3.14-64\Lib\site-packages\django\test\client.py", line 236, in 
store_rendered_templates
    store["context"].append(copy(context))
                            ~~~~^^^^^^^^^
  File "C:\Users\User\AppData\Local\Python\pythoncore-3.14-64\Lib\copy.py", line 82, in copy
    return copier(x)
  File "C:\Users\User\AppData\Local\Python\pythoncore-3.14-64\Lib\site-packages\django\template\context.py", line 158, 
in __copy__
    duplicate = super().__copy__()
  File "C:\Users\User\AppData\Local\Python\pythoncore-3.14-64\Lib\site-packages\django\template\context.py", line 39, 
in __copy__
    duplicate.dicts = self.dicts[:]
    ^^^^^^^^^^^^^^^
AttributeError: 'super' object has no attribute 'dicts' and no __dict__ for setting new attributes

During handling of the above exception, another exception occurred:

Traceback (most recent call last):
  File "C:\Users\User\AppData\Local\Python\pythoncore-3.14-64\Lib\site-packages\django\core\handlers\exception.py", 
line 55, in inner
    response = get_response(request)
  File "C:\Users\User\AppData\Local\Python\pythoncore-3.14-64\Lib\site-packages\django\utils\deprecation.py", line 
136, in __call__
    response = response or self.get_response(request)
                           ~~~~~~~~~~~~~~~~~^^^^^^^^^
  File "C:\Users\User\AppData\Local\Python\pythoncore-3.14-64\Lib\site-packages\django\core\handlers\exception.py", 
line 57, in inner
    response = response_for_exception(request, exc)
  File "C:\Users\User\AppData\Local\Python\pythoncore-3.14-64\Lib\site-packages\django\core\handlers\exception.py", 
line 143, in response_for_exception
    log_response(
    ~~~~~~~~~~~~^
        "%s: %s",
        ^^^^^^^^^
    ...<4 lines>...
        exception=exc,
        ^^^^^^^^^^^^^^
    )
    ^
  File "C:\Users\User\AppData\Local\Python\pythoncore-3.14-64\Lib\site-packages\django\utils\log.py", line 241, in 
log_response
    getattr(logger, level)(
    ~~~~~~~~~~~~~~~~~~~~~~^
        message,
        ^^^^^^^^
    ...<5 lines>...
        exc_info=exception,
        ^^^^^^^^^^^^^^^^^^^
    )
    ^
  File "C:\Users\User\AppData\Local\Python\pythoncore-3.14-64\Lib\logging\__init__.py", line 1549, in error
    self._log(ERROR, msg, args, **kwargs)
    ~~~~~~~~~^^^^^^^^^^^^^^^^^^^^^^^^^^^^
  File "C:\Users\User\AppData\Local\Python\pythoncore-3.14-64\Lib\logging\__init__.py", line 1665, in _log
    self.handle(record)
    ~~~~~~~~~~~^^^^^^^^
  File "C:\Users\User\AppData\Local\Python\pythoncore-3.14-64\Lib\logging\__init__.py", line 1681, in handle
    self.callHandlers(record)
    ~~~~~~~~~~~~~~~~~^^^^^^^^
  File "C:\Users\User\AppData\Local\Python\pythoncore-3.14-64\Lib\logging\__init__.py", line 1737, in callHandlers
    hdlr.handle(record)
    ~~~~~~~~~~~^^^^^^^^
  File "C:\Users\User\AppData\Local\Python\pythoncore-3.14-64\Lib\logging\__init__.py", line 1027, in handle
    self.emit(record)
    ~~~~~~~~~^^^^^^^^
  File "C:\Users\User\AppData\Local\Python\pythoncore-3.14-64\Lib\site-packages\django\utils\log.py", line 125, in emit
    reporter.get_traceback_text(),
    ~~~~~~~~~~~~~~~~~~~~~~~~~~~^^
  File "C:\Users\User\AppData\Local\Python\pythoncore-3.14-64\Lib\site-packages\django\views\debug.py", line 404, in 
get_traceback_text
    return t.render(c)
           ~~~~~~~~^^^
  File "C:\Users\User\AppData\Local\Python\pythoncore-3.14-64\Lib\site-packages\django\template\base.py", line 175, in 
render
    return self._render(context)
           ~~~~~~~~~~~~^^^^^^^^^
  File "C:\Users\User\AppData\Local\Python\pythoncore-3.14-64\Lib\site-packages\django\test\utils.py", line 110, in 
instrumented_test_render
    template_rendered.send(sender=self, template=self, context=context)
    ~~~~~~~~~~~~~~~~~~~~~~^^^^^^^^^^^^^^^^^^^^^^^^^^^^^^^^^^^^^^^^^^^^^
  File "C:\Users\User\AppData\Local\Python\pythoncore-3.14-64\Lib\site-packages\django\dispatch\dispatcher.py", line 
177, in send
    (receiver, receiver(signal=self, sender=sender, **named))
               ~~~~~~~~^^^^^^^^^^^^^^^^^^^^^^^^^^^^^^^^^^^^^
  File "C:\Users\User\AppData\Local\Python\pythoncore-3.14-64\Lib\site-packages\django\test\client.py", line 236, in 
store_rendered_templates
    store["context"].append(copy(context))
                            ~~~~^^^^^^^^^
  File "C:\Users\User\AppData\Local\Python\pythoncore-3.14-64\Lib\copy.py", line 82, in copy
    return copier(x)
  File "C:\Users\User\AppData\Local\Python\pythoncore-3.14-64\Lib\site-packages\django\template\context.py", line 158, 
in __copy__
    duplicate = super().__copy__()
  File "C:\Users\User\AppData\Local\Python\pythoncore-3.14-64\Lib\site-packages\django\template\context.py", line 39, 
in __copy__
    duplicate.dicts = self.dicts[:]
    ^^^^^^^^^^^^^^^
AttributeError: 'super' object has no attribute 'dicts' and no __dict__ for setting new attributes

During handling of the above exception, another exception occurred:

Traceback (most recent call last):
  File "C:\Users\User\Documents\Sistema pos\pos\tests\test_usuarios.py", line 34, in test_login_con_pin
    response = self.client.post(reverse('pos:login'), {
        'username': 'testuser',
        'pin': '1234'
    })
  File "C:\Users\User\AppData\Local\Python\pythoncore-3.14-64\Lib\site-packages\django\test\client.py", line 852, in 
post
    response = super().post(
        path, data=data, content_type=content_type, secure=secure, **extra
    )
  File "C:\Users\User\AppData\Local\Python\pythoncore-3.14-64\Lib\site-packages\django\test\client.py", line 441, in 
post
    return self.generic(
           ~~~~~~~~~~~~^
        "POST", path, post_data, content_type, secure=secure, **extra
        ^^^^^^^^^^^^^^^^^^^^^^^^^^^^^^^^^^^^^^^^^^^^^^^^^^^^^^^^^^^^^
    )
    ^
  File "C:\Users\User\AppData\Local\Python\pythoncore-3.14-64\Lib\site-packages\django\test\client.py", line 541, in 
generic
    return self.request(**r)
           ~~~~~~~~~~~~^^^^^
  File "C:\Users\User\AppData\Local\Python\pythoncore-3.14-64\Lib\site-packages\django\test\client.py", line 805, in 
request
    response = self.handler(environ)
  File "C:\Users\User\AppData\Local\Python\pythoncore-3.14-64\Lib\site-packages\django\test\client.py", line 153, in 
__call__
    response = self.get_response(request)
  File "C:\Users\User\AppData\Local\Python\pythoncore-3.14-64\Lib\site-packages\django\core\handlers\base.py", line 
140, in get_response
    response = self._middleware_chain(request)
  File "C:\Users\User\AppData\Local\Python\pythoncore-3.14-64\Lib\site-packages\django\core\handlers\exception.py", 
line 57, in inner
    response = response_for_exception(request, exc)
  File "C:\Users\User\AppData\Local\Python\pythoncore-3.14-64\Lib\site-packages\django\core\handlers\exception.py", 
line 143, in response_for_exception
    log_response(
    ~~~~~~~~~~~~^
        "%s: %s",
        ^^^^^^^^^
    ...<4 lines>...
        exception=exc,
        ^^^^^^^^^^^^^^
    )
    ^
  File "C:\Users\User\AppData\Local\Python\pythoncore-3.14-64\Lib\site-packages\django\utils\log.py", line 241, in 
log_response
    getattr(logger, level)(
    ~~~~~~~~~~~~~~~~~~~~~~^
        message,
        ^^^^^^^^
    ...<5 lines>...
        exc_info=exception,
        ^^^^^^^^^^^^^^^^^^^
    )
    ^
  File "C:\Users\User\AppData\Local\Python\pythoncore-3.14-64\Lib\logging\__init__.py", line 1549, in error
    self._log(ERROR, msg, args, **kwargs)
    ~~~~~~~~~^^^^^^^^^^^^^^^^^^^^^^^^^^^^
  File "C:\Users\User\AppData\Local\Python\pythoncore-3.14-64\Lib\logging\__init__.py", line 1665, in _log
    self.handle(record)
    ~~~~~~~~~~~^^^^^^^^
  File "C:\Users\User\AppData\Local\Python\pythoncore-3.14-64\Lib\logging\__init__.py", line 1681, in handle
    self.callHandlers(record)
    ~~~~~~~~~~~~~~~~~^^^^^^^^
  File "C:\Users\User\AppData\Local\Python\pythoncore-3.14-64\Lib\logging\__init__.py", line 1737, in callHandlers
    hdlr.handle(record)
    ~~~~~~~~~~~^^^^^^^^
  File "C:\Users\User\AppData\Local\Python\pythoncore-3.14-64\Lib\logging\__init__.py", line 1027, in handle
    self.emit(record)
    ~~~~~~~~~^^^^^^^^
  File "C:\Users\User\AppData\Local\Python\pythoncore-3.14-64\Lib\site-packages\django\utils\log.py", line 125, in emit
    reporter.get_traceback_text(),
    ~~~~~~~~~~~~~~~~~~~~~~~~~~~^^
  File "C:\Users\User\AppData\Local\Python\pythoncore-3.14-64\Lib\site-packages\django\views\debug.py", line 404, in 
get_traceback_text
    return t.render(c)
           ~~~~~~~~^^^
  File "C:\Users\User\AppData\Local\Python\pythoncore-3.14-64\Lib\site-packages\django\template\base.py", line 175, in 
render
    return self._render(context)
           ~~~~~~~~~~~~^^^^^^^^^
  File "C:\Users\User\AppData\Local\Python\pythoncore-3.14-64\Lib\site-packages\django\test\utils.py", line 110, in 
instrumented_test_render
    template_rendered.send(sender=self, template=self, context=context)
    ~~~~~~~~~~~~~~~~~~~~~~^^^^^^^^^^^^^^^^^^^^^^^^^^^^^^^^^^^^^^^^^^^^^
  File "C:\Users\User\AppData\Local\Python\pythoncore-3.14-64\Lib\site-packages\django\dispatch\dispatcher.py", line 
177, in send
    (receiver, receiver(signal=self, sender=sender, **named))
               ~~~~~~~~^^^^^^^^^^^^^^^^^^^^^^^^^^^^^^^^^^^^^
  File "C:\Users\User\AppData\Local\Python\pythoncore-3.14-64\Lib\site-packages\django\test\client.py", line 236, in 
store_rendered_templates
    store["context"].append(copy(context))
                            ~~~~^^^^^^^^^
  File "C:\Users\User\AppData\Local\Python\pythoncore-3.14-64\Lib\copy.py", line 82, in copy
    return copier(x)
  File "C:\Users\User\AppData\Local\Python\pythoncore-3.14-64\Lib\site-packages\django\template\context.py", line 158, 
in __copy__
    duplicate = super().__copy__()
  File "C:\Users\User\AppData\Local\Python\pythoncore-3.14-64\Lib\site-packages\django\template\context.py", line 39, 
in __copy__
    duplicate.dicts = self.dicts[:]
    ^^^^^^^^^^^^^^^
AttributeError: 'super' object has no attribute 'dicts' and no __dict__ for setting new attributes

======================================================================
ERROR: test_login_pin_incorrecto (pos.tests.test_usuarios.UsuariosTestCase.test_login_pin_incorrecto)
Test: Login con PIN incorrecto
----------------------------------------------------------------------
Traceback (most recent call last):
  File "C:\Users\User\AppData\Local\Python\pythoncore-3.14-64\Lib\site-packages\django\core\handlers\exception.py", 
line 55, in inner
    response = get_response(request)
  File "C:\Users\User\AppData\Local\Python\pythoncore-3.14-64\Lib\site-packages\django\core\handlers\base.py", line 
197, in _get_response
    response = wrapped_callback(request, *callback_args, **callback_kwargs)
  File "C:\Users\User\Documents\Sistema pos\pos\views.py", line 154, in login_view
    return render(request, 'pos/login.html')
  File "C:\Users\User\AppData\Local\Python\pythoncore-3.14-64\Lib\site-packages\django\shortcuts.py", line 24, in 
render
    content = loader.render_to_string(template_name, context, request, using=using)
  File "C:\Users\User\AppData\Local\Python\pythoncore-3.14-64\Lib\site-packages\django\template\loader.py", line 62, 
in render_to_string
    return template.render(context, request)
           ~~~~~~~~~~~~~~~^^^^^^^^^^^^^^^^^^
  File "C:\Users\User\AppData\Local\Python\pythoncore-3.14-64\Lib\site-packages\django\template\backends\django.py", 
line 62, in render
    return self.template.render(context)
           ~~~~~~~~~~~~~~~~~~~~^^^^^^^^^
  File "C:\Users\User\AppData\Local\Python\pythoncore-3.14-64\Lib\site-packages\django\template\base.py", line 175, in 
render
    return self._render(context)
           ~~~~~~~~~~~~^^^^^^^^^
  File "C:\Users\User\AppData\Local\Python\pythoncore-3.14-64\Lib\site-packages\django\test\utils.py", line 110, in 
instrumented_test_render
    template_rendered.send(sender=self, template=self, context=context)
    ~~~~~~~~~~~~~~~~~~~~~~^^^^^^^^^^^^^^^^^^^^^^^^^^^^^^^^^^^^^^^^^^^^^
  File "C:\Users\User\AppData\Local\Python\pythoncore-3.14-64\Lib\site-packages\django\dispatch\dispatcher.py", line 
177, in send
    (receiver, receiver(signal=self, sender=sender, **named))
               ~~~~~~~~^^^^^^^^^^^^^^^^^^^^^^^^^^^^^^^^^^^^^
  File "C:\Users\User\AppData\Local\Python\pythoncore-3.14-64\Lib\site-packages\django\test\client.py", line 236, in 
store_rendered_templates
    store["context"].append(copy(context))
                            ~~~~^^^^^^^^^
  File "C:\Users\User\AppData\Local\Python\pythoncore-3.14-64\Lib\copy.py", line 82, in copy
    return copier(x)
  File "C:\Users\User\AppData\Local\Python\pythoncore-3.14-64\Lib\site-packages\django\template\context.py", line 158, 
in __copy__
    duplicate = super().__copy__()
  File "C:\Users\User\AppData\Local\Python\pythoncore-3.14-64\Lib\site-packages\django\template\context.py", line 39, 
in __copy__
    duplicate.dicts = self.dicts[:]
    ^^^^^^^^^^^^^^^
AttributeError: 'super' object has no attribute 'dicts' and no __dict__ for setting new attributes

During handling of the above exception, another exception occurred:

Traceback (most recent call last):
  File "C:\Users\User\AppData\Local\Python\pythoncore-3.14-64\Lib\site-packages\django\core\handlers\exception.py", 
line 55, in inner
    response = get_response(request)
  File "C:\Users\User\AppData\Local\Python\pythoncore-3.14-64\Lib\site-packages\django\utils\deprecation.py", line 
136, in __call__
    response = response or self.get_response(request)
                           ~~~~~~~~~~~~~~~~~^^^^^^^^^
  File "C:\Users\User\AppData\Local\Python\pythoncore-3.14-64\Lib\site-packages\django\core\handlers\exception.py", 
line 57, in inner
    response = response_for_exception(request, exc)
  File "C:\Users\User\AppData\Local\Python\pythoncore-3.14-64\Lib\site-packages\django\core\handlers\exception.py", 
line 143, in response_for_exception
    log_response(
    ~~~~~~~~~~~~^
        "%s: %s",
        ^^^^^^^^^
    ...<4 lines>...
        exception=exc,
        ^^^^^^^^^^^^^^
    )
    ^
  File "C:\Users\User\AppData\Local\Python\pythoncore-3.14-64\Lib\site-packages\django\utils\log.py", line 241, in 
log_response
    getattr(logger, level)(
    ~~~~~~~~~~~~~~~~~~~~~~^
        message,
        ^^^^^^^^
    ...<5 lines>...
        exc_info=exception,
        ^^^^^^^^^^^^^^^^^^^
    )
    ^
  File "C:\Users\User\AppData\Local\Python\pythoncore-3.14-64\Lib\logging\__init__.py", line 1549, in error
    self._log(ERROR, msg, args, **kwargs)
    ~~~~~~~~~^^^^^^^^^^^^^^^^^^^^^^^^^^^^
  File "C:\Users\User\AppData\Local\Python\pythoncore-3.14-64\Lib\logging\__init__.py", line 1665, in _log
    self.handle(record)
    ~~~~~~~~~~~^^^^^^^^
  File "C:\Users\User\AppData\Local\Python\pythoncore-3.14-64\Lib\logging\__init__.py", line 1681, in handle
    self.callHandlers(record)
    ~~~~~~~~~~~~~~~~~^^^^^^^^
  File "C:\Users\User\AppData\Local\Python\pythoncore-3.14-64\Lib\logging\__init__.py", line 1737, in callHandlers
    hdlr.handle(record)
    ~~~~~~~~~~~^^^^^^^^
  File "C:\Users\User\AppData\Local\Python\pythoncore-3.14-64\Lib\logging\__init__.py", line 1027, in handle
    self.emit(record)
    ~~~~~~~~~^^^^^^^^
  File "C:\Users\User\AppData\Local\Python\pythoncore-3.14-64\Lib\site-packages\django\utils\log.py", line 125, in emit
    reporter.get_traceback_text(),
    ~~~~~~~~~~~~~~~~~~~~~~~~~~~^^
  File "C:\Users\User\AppData\Local\Python\pythoncore-3.14-64\Lib\site-packages\django\views\debug.py", line 404, in 
get_traceback_text
    return t.render(c)
           ~~~~~~~~^^^
  File "C:\Users\User\AppData\Local\Python\pythoncore-3.14-64\Lib\site-packages\django\template\base.py", line 175, in 
render
    return self._render(context)
           ~~~~~~~~~~~~^^^^^^^^^
  File "C:\Users\User\AppData\Local\Python\pythoncore-3.14-64\Lib\site-packages\django\test\utils.py", line 110, in 
instrumented_test_render
    template_rendered.send(sender=self, template=self, context=context)
    ~~~~~~~~~~~~~~~~~~~~~~^^^^^^^^^^^^^^^^^^^^^^^^^^^^^^^^^^^^^^^^^^^^^
  File "C:\Users\User\AppData\Local\Python\pythoncore-3.14-64\Lib\site-packages\django\dispatch\dispatcher.py", line 
177, in send
    (receiver, receiver(signal=self, sender=sender, **named))
               ~~~~~~~~^^^^^^^^^^^^^^^^^^^^^^^^^^^^^^^^^^^^^
  File "C:\Users\User\AppData\Local\Python\pythoncore-3.14-64\Lib\site-packages\django\test\client.py", line 236, in 
store_rendered_templates
    store["context"].append(copy(context))
                            ~~~~^^^^^^^^^
  File "C:\Users\User\AppData\Local\Python\pythoncore-3.14-64\Lib\copy.py", line 82, in copy
    return copier(x)
  File "C:\Users\User\AppData\Local\Python\pythoncore-3.14-64\Lib\site-packages\django\template\context.py", line 158, 
in __copy__
    duplicate = super().__copy__()
  File "C:\Users\User\AppData\Local\Python\pythoncore-3.14-64\Lib\site-packages\django\template\context.py", line 39, 
in __copy__
    duplicate.dicts = self.dicts[:]
    ^^^^^^^^^^^^^^^
AttributeError: 'super' object has no attribute 'dicts' and no __dict__ for setting new attributes

During handling of the above exception, another exception occurred:

Traceback (most recent call last):
  File "C:\Users\User\AppData\Local\Python\pythoncore-3.14-64\Lib\site-packages\django\core\handlers\exception.py", 
line 55, in inner
    response = get_response(request)
  File "C:\Users\User\AppData\Local\Python\pythoncore-3.14-64\Lib\site-packages\django\utils\deprecation.py", line 
136, in __call__
    response = response or self.get_response(request)
                           ~~~~~~~~~~~~~~~~~^^^^^^^^^
  File "C:\Users\User\AppData\Local\Python\pythoncore-3.14-64\Lib\site-packages\django\core\handlers\exception.py", 
line 57, in inner
    response = response_for_exception(request, exc)
  File "C:\Users\User\AppData\Local\Python\pythoncore-3.14-64\Lib\site-packages\django\core\handlers\exception.py", 
line 143, in response_for_exception
    log_response(
    ~~~~~~~~~~~~^
        "%s: %s",
        ^^^^^^^^^
    ...<4 lines>...
        exception=exc,
        ^^^^^^^^^^^^^^
    )
    ^
  File "C:\Users\User\AppData\Local\Python\pythoncore-3.14-64\Lib\site-packages\django\utils\log.py", line 241, in 
log_response
    getattr(logger, level)(
    ~~~~~~~~~~~~~~~~~~~~~~^
        message,
        ^^^^^^^^
    ...<5 lines>...
        exc_info=exception,
        ^^^^^^^^^^^^^^^^^^^
    )
    ^
  File "C:\Users\User\AppData\Local\Python\pythoncore-3.14-64\Lib\logging\__init__.py", line 1549, in error
    self._log(ERROR, msg, args, **kwargs)
    ~~~~~~~~~^^^^^^^^^^^^^^^^^^^^^^^^^^^^
  File "C:\Users\User\AppData\Local\Python\pythoncore-3.14-64\Lib\logging\__init__.py", line 1665, in _log
    self.handle(record)
    ~~~~~~~~~~~^^^^^^^^
  File "C:\Users\User\AppData\Local\Python\pythoncore-3.14-64\Lib\logging\__init__.py", line 1681, in handle
    self.callHandlers(record)
    ~~~~~~~~~~~~~~~~~^^^^^^^^
  File "C:\Users\User\AppData\Local\Python\pythoncore-3.14-64\Lib\logging\__init__.py", line 1737, in callHandlers
    hdlr.handle(record)
    ~~~~~~~~~~~^^^^^^^^
  File "C:\Users\User\AppData\Local\Python\pythoncore-3.14-64\Lib\logging\__init__.py", line 1027, in handle
    self.emit(record)
    ~~~~~~~~~^^^^^^^^
  File "C:\Users\User\AppData\Local\Python\pythoncore-3.14-64\Lib\site-packages\django\utils\log.py", line 125, in emit
    reporter.get_traceback_text(),
    ~~~~~~~~~~~~~~~~~~~~~~~~~~~^^
  File "C:\Users\User\AppData\Local\Python\pythoncore-3.14-64\Lib\site-packages\django\views\debug.py", line 404, in 
get_traceback_text
    return t.render(c)
           ~~~~~~~~^^^
  File "C:\Users\User\AppData\Local\Python\pythoncore-3.14-64\Lib\site-packages\django\template\base.py", line 175, in 
render
    return self._render(context)
           ~~~~~~~~~~~~^^^^^^^^^
  File "C:\Users\User\AppData\Local\Python\pythoncore-3.14-64\Lib\site-packages\django\test\utils.py", line 110, in 
instrumented_test_render
    template_rendered.send(sender=self, template=self, context=context)
    ~~~~~~~~~~~~~~~~~~~~~~^^^^^^^^^^^^^^^^^^^^^^^^^^^^^^^^^^^^^^^^^^^^^
  File "C:\Users\User\AppData\Local\Python\pythoncore-3.14-64\Lib\site-packages\django\dispatch\dispatcher.py", line 
177, in send
    (receiver, receiver(signal=self, sender=sender, **named))
               ~~~~~~~~^^^^^^^^^^^^^^^^^^^^^^^^^^^^^^^^^^^^^
  File "C:\Users\User\AppData\Local\Python\pythoncore-3.14-64\Lib\site-packages\django\test\client.py", line 236, in 
store_rendered_templates
    store["context"].append(copy(context))
                            ~~~~^^^^^^^^^
  File "C:\Users\User\AppData\Local\Python\pythoncore-3.14-64\Lib\copy.py", line 82, in copy
    return copier(x)
  File "C:\Users\User\AppData\Local\Python\pythoncore-3.14-64\Lib\site-packages\django\template\context.py", line 158, 
in __copy__
    duplicate = super().__copy__()
  File "C:\Users\User\AppData\Local\Python\pythoncore-3.14-64\Lib\site-packages\django\template\context.py", line 39, 
in __copy__
    duplicate.dicts = self.dicts[:]
    ^^^^^^^^^^^^^^^
AttributeError: 'super' object has no attribute 'dicts' and no __dict__ for setting new attributes

During handling of the above exception, another exception occurred:

Traceback (most recent call last):
  File "C:\Users\User\AppData\Local\Python\pythoncore-3.14-64\Lib\site-packages\django\core\handlers\exception.py", 
line 55, in inner
    response = get_response(request)
  File "C:\Users\User\AppData\Local\Python\pythoncore-3.14-64\Lib\site-packages\django\utils\deprecation.py", line 
136, in __call__
    response = response or self.get_response(request)
                           ~~~~~~~~~~~~~~~~~^^^^^^^^^
  File "C:\Users\User\AppData\Local\Python\pythoncore-3.14-64\Lib\site-packages\django\core\handlers\exception.py", 
line 57, in inner
    response = response_for_exception(request, exc)
  File "C:\Users\User\AppData\Local\Python\pythoncore-3.14-64\Lib\site-packages\django\core\handlers\exception.py", 
line 143, in response_for_exception
    log_response(
    ~~~~~~~~~~~~^
        "%s: %s",
        ^^^^^^^^^
    ...<4 lines>...
        exception=exc,
        ^^^^^^^^^^^^^^
    )
    ^
  File "C:\Users\User\AppData\Local\Python\pythoncore-3.14-64\Lib\site-packages\django\utils\log.py", line 241, in 
log_response
    getattr(logger, level)(
    ~~~~~~~~~~~~~~~~~~~~~~^
        message,
        ^^^^^^^^
    ...<5 lines>...
        exc_info=exception,
        ^^^^^^^^^^^^^^^^^^^
    )
    ^
  File "C:\Users\User\AppData\Local\Python\pythoncore-3.14-64\Lib\logging\__init__.py", line 1549, in error
    self._log(ERROR, msg, args, **kwargs)
    ~~~~~~~~~^^^^^^^^^^^^^^^^^^^^^^^^^^^^
  File "C:\Users\User\AppData\Local\Python\pythoncore-3.14-64\Lib\logging\__init__.py", line 1665, in _log
    self.handle(record)
    ~~~~~~~~~~~^^^^^^^^
  File "C:\Users\User\AppData\Local\Python\pythoncore-3.14-64\Lib\logging\__init__.py", line 1681, in handle
    self.callHandlers(record)
    ~~~~~~~~~~~~~~~~~^^^^^^^^
  File "C:\Users\User\AppData\Local\Python\pythoncore-3.14-64\Lib\logging\__init__.py", line 1737, in callHandlers
    hdlr.handle(record)
    ~~~~~~~~~~~^^^^^^^^
  File "C:\Users\User\AppData\Local\Python\pythoncore-3.14-64\Lib\logging\__init__.py", line 1027, in handle
    self.emit(record)
    ~~~~~~~~~^^^^^^^^
  File "C:\Users\User\AppData\Local\Python\pythoncore-3.14-64\Lib\site-packages\django\utils\log.py", line 125, in emit
    reporter.get_traceback_text(),
    ~~~~~~~~~~~~~~~~~~~~~~~~~~~^^
  File "C:\Users\User\AppData\Local\Python\pythoncore-3.14-64\Lib\site-packages\django\views\debug.py", line 404, in 
get_traceback_text
    return t.render(c)
           ~~~~~~~~^^^
  File "C:\Users\User\AppData\Local\Python\pythoncore-3.14-64\Lib\site-packages\django\template\base.py", line 175, in 
render
    return self._render(context)
           ~~~~~~~~~~~~^^^^^^^^^
  File "C:\Users\User\AppData\Local\Python\pythoncore-3.14-64\Lib\site-packages\django\test\utils.py", line 110, in 
instrumented_test_render
    template_rendered.send(sender=self, template=self, context=context)
    ~~~~~~~~~~~~~~~~~~~~~~^^^^^^^^^^^^^^^^^^^^^^^^^^^^^^^^^^^^^^^^^^^^^
  File "C:\Users\User\AppData\Local\Python\pythoncore-3.14-64\Lib\site-packages\django\dispatch\dispatcher.py", line 
177, in send
    (receiver, receiver(signal=self, sender=sender, **named))
               ~~~~~~~~^^^^^^^^^^^^^^^^^^^^^^^^^^^^^^^^^^^^^
  File "C:\Users\User\AppData\Local\Python\pythoncore-3.14-64\Lib\site-packages\django\test\client.py", line 236, in 
store_rendered_templates
    store["context"].append(copy(context))
                            ~~~~^^^^^^^^^
  File "C:\Users\User\AppData\Local\Python\pythoncore-3.14-64\Lib\copy.py", line 82, in copy
    return copier(x)
  File "C:\Users\User\AppData\Local\Python\pythoncore-3.14-64\Lib\site-packages\django\template\context.py", line 158, 
in __copy__
    duplicate = super().__copy__()
  File "C:\Users\User\AppData\Local\Python\pythoncore-3.14-64\Lib\site-packages\django\template\context.py", line 39, 
in __copy__
    duplicate.dicts = self.dicts[:]
    ^^^^^^^^^^^^^^^
AttributeError: 'super' object has no attribute 'dicts' and no __dict__ for setting new attributes

During handling of the above exception, another exception occurred:

Traceback (most recent call last):
  File "C:\Users\User\AppData\Local\Python\pythoncore-3.14-64\Lib\site-packages\django\core\handlers\exception.py", 
line 55, in inner
    response = get_response(request)
  File "C:\Users\User\AppData\Local\Python\pythoncore-3.14-64\Lib\site-packages\django\utils\deprecation.py", line 
136, in __call__
    response = response or self.get_response(request)
                           ~~~~~~~~~~~~~~~~~^^^^^^^^^
  File "C:\Users\User\AppData\Local\Python\pythoncore-3.14-64\Lib\site-packages\django\core\handlers\exception.py", 
line 57, in inner
    response = response_for_exception(request, exc)
  File "C:\Users\User\AppData\Local\Python\pythoncore-3.14-64\Lib\site-packages\django\core\handlers\exception.py", 
line 143, in response_for_exception
    log_response(
    ~~~~~~~~~~~~^
        "%s: %s",
        ^^^^^^^^^
    ...<4 lines>...
        exception=exc,
        ^^^^^^^^^^^^^^
    )
    ^
  File "C:\Users\User\AppData\Local\Python\pythoncore-3.14-64\Lib\site-packages\django\utils\log.py", line 241, in 
log_response
    getattr(logger, level)(
    ~~~~~~~~~~~~~~~~~~~~~~^
        message,
        ^^^^^^^^
    ...<5 lines>...
        exc_info=exception,
        ^^^^^^^^^^^^^^^^^^^
    )
    ^
  File "C:\Users\User\AppData\Local\Python\pythoncore-3.14-64\Lib\logging\__init__.py", line 1549, in error
    self._log(ERROR, msg, args, **kwargs)
    ~~~~~~~~~^^^^^^^^^^^^^^^^^^^^^^^^^^^^
  File "C:\Users\User\AppData\Local\Python\pythoncore-3.14-64\Lib\logging\__init__.py", line 1665, in _log
    self.handle(record)
    ~~~~~~~~~~~^^^^^^^^
  File "C:\Users\User\AppData\Local\Python\pythoncore-3.14-64\Lib\logging\__init__.py", line 1681, in handle
    self.callHandlers(record)
    ~~~~~~~~~~~~~~~~~^^^^^^^^
  File "C:\Users\User\AppData\Local\Python\pythoncore-3.14-64\Lib\logging\__init__.py", line 1737, in callHandlers
    hdlr.handle(record)
    ~~~~~~~~~~~^^^^^^^^
  File "C:\Users\User\AppData\Local\Python\pythoncore-3.14-64\Lib\logging\__init__.py", line 1027, in handle
    self.emit(record)
    ~~~~~~~~~^^^^^^^^
  File "C:\Users\User\AppData\Local\Python\pythoncore-3.14-64\Lib\site-packages\django\utils\log.py", line 125, in emit
    reporter.get_traceback_text(),
    ~~~~~~~~~~~~~~~~~~~~~~~~~~~^^
  File "C:\Users\User\AppData\Local\Python\pythoncore-3.14-64\Lib\site-packages\django\views\debug.py", line 404, in 
get_traceback_text
    return t.render(c)
           ~~~~~~~~^^^
  File "C:\Users\User\AppData\Local\Python\pythoncore-3.14-64\Lib\site-packages\django\template\base.py", line 175, in 
render
    return self._render(context)
           ~~~~~~~~~~~~^^^^^^^^^
  File "C:\Users\User\AppData\Local\Python\pythoncore-3.14-64\Lib\site-packages\django\test\utils.py", line 110, in 
instrumented_test_render
    template_rendered.send(sender=self, template=self, context=context)
    ~~~~~~~~~~~~~~~~~~~~~~^^^^^^^^^^^^^^^^^^^^^^^^^^^^^^^^^^^^^^^^^^^^^
  File "C:\Users\User\AppData\Local\Python\pythoncore-3.14-64\Lib\site-packages\django\dispatch\dispatcher.py", line 
177, in send
    (receiver, receiver(signal=self, sender=sender, **named))
               ~~~~~~~~^^^^^^^^^^^^^^^^^^^^^^^^^^^^^^^^^^^^^
  File "C:\Users\User\AppData\Local\Python\pythoncore-3.14-64\Lib\site-packages\django\test\client.py", line 236, in 
store_rendered_templates
    store["context"].append(copy(context))
                            ~~~~^^^^^^^^^
  File "C:\Users\User\AppData\Local\Python\pythoncore-3.14-64\Lib\copy.py", line 82, in copy
    return copier(x)
  File "C:\Users\User\AppData\Local\Python\pythoncore-3.14-64\Lib\site-packages\django\template\context.py", line 158, 
in __copy__
    duplicate = super().__copy__()
  File "C:\Users\User\AppData\Local\Python\pythoncore-3.14-64\Lib\site-packages\django\template\context.py", line 39, 
in __copy__
    duplicate.dicts = self.dicts[:]
    ^^^^^^^^^^^^^^^
AttributeError: 'super' object has no attribute 'dicts' and no __dict__ for setting new attributes

During handling of the above exception, another exception occurred:

Traceback (most recent call last):
  File "C:\Users\User\AppData\Local\Python\pythoncore-3.14-64\Lib\site-packages\django\core\handlers\exception.py", 
line 55, in inner
    response = get_response(request)
  File "C:\Users\User\AppData\Local\Python\pythoncore-3.14-64\Lib\site-packages\django\utils\deprecation.py", line 
136, in __call__
    response = response or self.get_response(request)
                           ~~~~~~~~~~~~~~~~~^^^^^^^^^
  File "C:\Users\User\AppData\Local\Python\pythoncore-3.14-64\Lib\site-packages\django\core\handlers\exception.py", 
line 57, in inner
    response = response_for_exception(request, exc)
  File "C:\Users\User\AppData\Local\Python\pythoncore-3.14-64\Lib\site-packages\django\core\handlers\exception.py", 
line 143, in response_for_exception
    log_response(
    ~~~~~~~~~~~~^
        "%s: %s",
        ^^^^^^^^^
    ...<4 lines>...
        exception=exc,
        ^^^^^^^^^^^^^^
    )
    ^
  File "C:\Users\User\AppData\Local\Python\pythoncore-3.14-64\Lib\site-packages\django\utils\log.py", line 241, in 
log_response
    getattr(logger, level)(
    ~~~~~~~~~~~~~~~~~~~~~~^
        message,
        ^^^^^^^^
    ...<5 lines>...
        exc_info=exception,
        ^^^^^^^^^^^^^^^^^^^
    )
    ^
  File "C:\Users\User\AppData\Local\Python\pythoncore-3.14-64\Lib\logging\__init__.py", line 1549, in error
    self._log(ERROR, msg, args, **kwargs)
    ~~~~~~~~~^^^^^^^^^^^^^^^^^^^^^^^^^^^^
  File "C:\Users\User\AppData\Local\Python\pythoncore-3.14-64\Lib\logging\__init__.py", line 1665, in _log
    self.handle(record)
    ~~~~~~~~~~~^^^^^^^^
  File "C:\Users\User\AppData\Local\Python\pythoncore-3.14-64\Lib\logging\__init__.py", line 1681, in handle
    self.callHandlers(record)
    ~~~~~~~~~~~~~~~~~^^^^^^^^
  File "C:\Users\User\AppData\Local\Python\pythoncore-3.14-64\Lib\logging\__init__.py", line 1737, in callHandlers
    hdlr.handle(record)
    ~~~~~~~~~~~^^^^^^^^
  File "C:\Users\User\AppData\Local\Python\pythoncore-3.14-64\Lib\logging\__init__.py", line 1027, in handle
    self.emit(record)
    ~~~~~~~~~^^^^^^^^
  File "C:\Users\User\AppData\Local\Python\pythoncore-3.14-64\Lib\site-packages\django\utils\log.py", line 125, in emit
    reporter.get_traceback_text(),
    ~~~~~~~~~~~~~~~~~~~~~~~~~~~^^
  File "C:\Users\User\AppData\Local\Python\pythoncore-3.14-64\Lib\site-packages\django\views\debug.py", line 404, in 
get_traceback_text
    return t.render(c)
           ~~~~~~~~^^^
  File "C:\Users\User\AppData\Local\Python\pythoncore-3.14-64\Lib\site-packages\django\template\base.py", line 175, in 
render
    return self._render(context)
           ~~~~~~~~~~~~^^^^^^^^^
  File "C:\Users\User\AppData\Local\Python\pythoncore-3.14-64\Lib\site-packages\django\test\utils.py", line 110, in 
instrumented_test_render
    template_rendered.send(sender=self, template=self, context=context)
    ~~~~~~~~~~~~~~~~~~~~~~^^^^^^^^^^^^^^^^^^^^^^^^^^^^^^^^^^^^^^^^^^^^^
  File "C:\Users\User\AppData\Local\Python\pythoncore-3.14-64\Lib\site-packages\django\dispatch\dispatcher.py", line 
177, in send
    (receiver, receiver(signal=self, sender=sender, **named))
               ~~~~~~~~^^^^^^^^^^^^^^^^^^^^^^^^^^^^^^^^^^^^^
  File "C:\Users\User\AppData\Local\Python\pythoncore-3.14-64\Lib\site-packages\django\test\client.py", line 236, in 
store_rendered_templates
    store["context"].append(copy(context))
                            ~~~~^^^^^^^^^
  File "C:\Users\User\AppData\Local\Python\pythoncore-3.14-64\Lib\copy.py", line 82, in copy
    return copier(x)
  File "C:\Users\User\AppData\Local\Python\pythoncore-3.14-64\Lib\site-packages\django\template\context.py", line 158, 
in __copy__
    duplicate = super().__copy__()
  File "C:\Users\User\AppData\Local\Python\pythoncore-3.14-64\Lib\site-packages\django\template\context.py", line 39, 
in __copy__
    duplicate.dicts = self.dicts[:]
    ^^^^^^^^^^^^^^^
AttributeError: 'super' object has no attribute 'dicts' and no __dict__ for setting new attributes

During handling of the above exception, another exception occurred:

Traceback (most recent call last):
  File "C:\Users\User\AppData\Local\Python\pythoncore-3.14-64\Lib\site-packages\django\core\handlers\exception.py", 
line 55, in inner
    response = get_response(request)
  File "C:\Users\User\AppData\Local\Python\pythoncore-3.14-64\Lib\site-packages\django\utils\deprecation.py", line 
136, in __call__
    response = response or self.get_response(request)
                           ~~~~~~~~~~~~~~~~~^^^^^^^^^
  File "C:\Users\User\AppData\Local\Python\pythoncore-3.14-64\Lib\site-packages\django\core\handlers\exception.py", 
line 57, in inner
    response = response_for_exception(request, exc)
  File "C:\Users\User\AppData\Local\Python\pythoncore-3.14-64\Lib\site-packages\django\core\handlers\exception.py", 
line 143, in response_for_exception
    log_response(
    ~~~~~~~~~~~~^
        "%s: %s",
        ^^^^^^^^^
    ...<4 lines>...
        exception=exc,
        ^^^^^^^^^^^^^^
    )
    ^
  File "C:\Users\User\AppData\Local\Python\pythoncore-3.14-64\Lib\site-packages\django\utils\log.py", line 241, in 
log_response
    getattr(logger, level)(
    ~~~~~~~~~~~~~~~~~~~~~~^
        message,
        ^^^^^^^^
    ...<5 lines>...
        exc_info=exception,
        ^^^^^^^^^^^^^^^^^^^
    )
    ^
  File "C:\Users\User\AppData\Local\Python\pythoncore-3.14-64\Lib\logging\__init__.py", line 1549, in error
    self._log(ERROR, msg, args, **kwargs)
    ~~~~~~~~~^^^^^^^^^^^^^^^^^^^^^^^^^^^^
  File "C:\Users\User\AppData\Local\Python\pythoncore-3.14-64\Lib\logging\__init__.py", line 1665, in _log
    self.handle(record)
    ~~~~~~~~~~~^^^^^^^^
  File "C:\Users\User\AppData\Local\Python\pythoncore-3.14-64\Lib\logging\__init__.py", line 1681, in handle
    self.callHandlers(record)
    ~~~~~~~~~~~~~~~~~^^^^^^^^
  File "C:\Users\User\AppData\Local\Python\pythoncore-3.14-64\Lib\logging\__init__.py", line 1737, in callHandlers
    hdlr.handle(record)
    ~~~~~~~~~~~^^^^^^^^
  File "C:\Users\User\AppData\Local\Python\pythoncore-3.14-64\Lib\logging\__init__.py", line 1027, in handle
    self.emit(record)
    ~~~~~~~~~^^^^^^^^
  File "C:\Users\User\AppData\Local\Python\pythoncore-3.14-64\Lib\site-packages\django\utils\log.py", line 125, in emit
    reporter.get_traceback_text(),
    ~~~~~~~~~~~~~~~~~~~~~~~~~~~^^
  File "C:\Users\User\AppData\Local\Python\pythoncore-3.14-64\Lib\site-packages\django\views\debug.py", line 404, in 
get_traceback_text
    return t.render(c)
           ~~~~~~~~^^^
  File "C:\Users\User\AppData\Local\Python\pythoncore-3.14-64\Lib\site-packages\django\template\base.py", line 175, in 
render
    return self._render(context)
           ~~~~~~~~~~~~^^^^^^^^^
  File "C:\Users\User\AppData\Local\Python\pythoncore-3.14-64\Lib\site-packages\django\test\utils.py", line 110, in 
instrumented_test_render
    template_rendered.send(sender=self, template=self, context=context)
    ~~~~~~~~~~~~~~~~~~~~~~^^^^^^^^^^^^^^^^^^^^^^^^^^^^^^^^^^^^^^^^^^^^^
  File "C:\Users\User\AppData\Local\Python\pythoncore-3.14-64\Lib\site-packages\django\dispatch\dispatcher.py", line 
177, in send
    (receiver, receiver(signal=self, sender=sender, **named))
               ~~~~~~~~^^^^^^^^^^^^^^^^^^^^^^^^^^^^^^^^^^^^^
  File "C:\Users\User\AppData\Local\Python\pythoncore-3.14-64\Lib\site-packages\django\test\client.py", line 236, in 
store_rendered_templates
    store["context"].append(copy(context))
                            ~~~~^^^^^^^^^
  File "C:\Users\User\AppData\Local\Python\pythoncore-3.14-64\Lib\copy.py", line 82, in copy
    return copier(x)
  File "C:\Users\User\AppData\Local\Python\pythoncore-3.14-64\Lib\site-packages\django\template\context.py", line 158, 
in __copy__
    duplicate = super().__copy__()
  File "C:\Users\User\AppData\Local\Python\pythoncore-3.14-64\Lib\site-packages\django\template\context.py", line 39, 
in __copy__
    duplicate.dicts = self.dicts[:]
    ^^^^^^^^^^^^^^^
AttributeError: 'super' object has no attribute 'dicts' and no __dict__ for setting new attributes

During handling of the above exception, another exception occurred:

Traceback (most recent call last):
  File "C:\Users\User\AppData\Local\Python\pythoncore-3.14-64\Lib\site-packages\django\core\handlers\exception.py", 
line 55, in inner
    response = get_response(request)
  File "C:\Users\User\AppData\Local\Python\pythoncore-3.14-64\Lib\site-packages\django\utils\deprecation.py", line 
136, in __call__
    response = response or self.get_response(request)
                           ~~~~~~~~~~~~~~~~~^^^^^^^^^
  File "C:\Users\User\AppData\Local\Python\pythoncore-3.14-64\Lib\site-packages\django\core\handlers\exception.py", 
line 57, in inner
    response = response_for_exception(request, exc)
  File "C:\Users\User\AppData\Local\Python\pythoncore-3.14-64\Lib\site-packages\django\core\handlers\exception.py", 
line 143, in response_for_exception
    log_response(
    ~~~~~~~~~~~~^
        "%s: %s",
        ^^^^^^^^^
    ...<4 lines>...
        exception=exc,
        ^^^^^^^^^^^^^^
    )
    ^
  File "C:\Users\User\AppData\Local\Python\pythoncore-3.14-64\Lib\site-packages\django\utils\log.py", line 241, in 
log_response
    getattr(logger, level)(
    ~~~~~~~~~~~~~~~~~~~~~~^
        message,
        ^^^^^^^^
    ...<5 lines>...
        exc_info=exception,
        ^^^^^^^^^^^^^^^^^^^
    )
    ^
  File "C:\Users\User\AppData\Local\Python\pythoncore-3.14-64\Lib\logging\__init__.py", line 1549, in error
    self._log(ERROR, msg, args, **kwargs)
    ~~~~~~~~~^^^^^^^^^^^^^^^^^^^^^^^^^^^^
  File "C:\Users\User\AppData\Local\Python\pythoncore-3.14-64\Lib\logging\__init__.py", line 1665, in _log
    self.handle(record)
    ~~~~~~~~~~~^^^^^^^^
  File "C:\Users\User\AppData\Local\Python\pythoncore-3.14-64\Lib\logging\__init__.py", line 1681, in handle
    self.callHandlers(record)
    ~~~~~~~~~~~~~~~~~^^^^^^^^
  File "C:\Users\User\AppData\Local\Python\pythoncore-3.14-64\Lib\logging\__init__.py", line 1737, in callHandlers
    hdlr.handle(record)
    ~~~~~~~~~~~^^^^^^^^
  File "C:\Users\User\AppData\Local\Python\pythoncore-3.14-64\Lib\logging\__init__.py", line 1027, in handle
    self.emit(record)
    ~~~~~~~~~^^^^^^^^
  File "C:\Users\User\AppData\Local\Python\pythoncore-3.14-64\Lib\site-packages\django\utils\log.py", line 125, in emit
    reporter.get_traceback_text(),
    ~~~~~~~~~~~~~~~~~~~~~~~~~~~^^
  File "C:\Users\User\AppData\Local\Python\pythoncore-3.14-64\Lib\site-packages\django\views\debug.py", line 404, in 
get_traceback_text
    return t.render(c)
           ~~~~~~~~^^^
  File "C:\Users\User\AppData\Local\Python\pythoncore-3.14-64\Lib\site-packages\django\template\base.py", line 175, in 
render
    return self._render(context)
           ~~~~~~~~~~~~^^^^^^^^^
  File "C:\Users\User\AppData\Local\Python\pythoncore-3.14-64\Lib\site-packages\django\test\utils.py", line 110, in 
instrumented_test_render
    template_rendered.send(sender=self, template=self, context=context)
    ~~~~~~~~~~~~~~~~~~~~~~^^^^^^^^^^^^^^^^^^^^^^^^^^^^^^^^^^^^^^^^^^^^^
  File "C:\Users\User\AppData\Local\Python\pythoncore-3.14-64\Lib\site-packages\django\dispatch\dispatcher.py", line 
177, in send
    (receiver, receiver(signal=self, sender=sender, **named))
               ~~~~~~~~^^^^^^^^^^^^^^^^^^^^^^^^^^^^^^^^^^^^^
  File "C:\Users\User\AppData\Local\Python\pythoncore-3.14-64\Lib\site-packages\django\test\client.py", line 236, in 
store_rendered_templates
    store["context"].append(copy(context))
                            ~~~~^^^^^^^^^
  File "C:\Users\User\AppData\Local\Python\pythoncore-3.14-64\Lib\copy.py", line 82, in copy
    return copier(x)
  File "C:\Users\User\AppData\Local\Python\pythoncore-3.14-64\Lib\site-packages\django\template\context.py", line 158, 
in __copy__
    duplicate = super().__copy__()
  File "C:\Users\User\AppData\Local\Python\pythoncore-3.14-64\Lib\site-packages\django\template\context.py", line 39, 
in __copy__
    duplicate.dicts = self.dicts[:]
    ^^^^^^^^^^^^^^^
AttributeError: 'super' object has no attribute 'dicts' and no __dict__ for setting new attributes

During handling of the above exception, another exception occurred:

Traceback (most recent call last):
  File "C:\Users\User\Documents\Sistema pos\pos\tests\test_usuarios.py", line 44, in test_login_pin_incorrecto
    response = self.client.post(reverse('pos:login'), {
        'username': 'testuser',
        'pin': '9999'  # PIN incorrecto
    })
  File "C:\Users\User\AppData\Local\Python\pythoncore-3.14-64\Lib\site-packages\django\test\client.py", line 852, in 
post
    response = super().post(
        path, data=data, content_type=content_type, secure=secure, **extra
    )
  File "C:\Users\User\AppData\Local\Python\pythoncore-3.14-64\Lib\site-packages\django\test\client.py", line 441, in 
post
    return self.generic(
           ~~~~~~~~~~~~^
        "POST", path, post_data, content_type, secure=secure, **extra
        ^^^^^^^^^^^^^^^^^^^^^^^^^^^^^^^^^^^^^^^^^^^^^^^^^^^^^^^^^^^^^
    )
    ^
  File "C:\Users\User\AppData\Local\Python\pythoncore-3.14-64\Lib\site-packages\django\test\client.py", line 541, in 
generic
    return self.request(**r)
           ~~~~~~~~~~~~^^^^^
  File "C:\Users\User\AppData\Local\Python\pythoncore-3.14-64\Lib\site-packages\django\test\client.py", line 805, in 
request
    response = self.handler(environ)
  File "C:\Users\User\AppData\Local\Python\pythoncore-3.14-64\Lib\site-packages\django\test\client.py", line 153, in 
__call__
    response = self.get_response(request)
  File "C:\Users\User\AppData\Local\Python\pythoncore-3.14-64\Lib\site-packages\django\core\handlers\base.py", line 
140, in get_response
    response = self._middleware_chain(request)
  File "C:\Users\User\AppData\Local\Python\pythoncore-3.14-64\Lib\site-packages\django\core\handlers\exception.py", 
line 57, in inner
    response = response_for_exception(request, exc)
  File "C:\Users\User\AppData\Local\Python\pythoncore-3.14-64\Lib\site-packages\django\core\handlers\exception.py", 
line 143, in response_for_exception
    log_response(
    ~~~~~~~~~~~~^
        "%s: %s",
        ^^^^^^^^^
    ...<4 lines>...
        exception=exc,
        ^^^^^^^^^^^^^^
    )
    ^
  File "C:\Users\User\AppData\Local\Python\pythoncore-3.14-64\Lib\site-packages\django\utils\log.py", line 241, in 
log_response
    getattr(logger, level)(
    ~~~~~~~~~~~~~~~~~~~~~~^
        message,
        ^^^^^^^^
    ...<5 lines>...
        exc_info=exception,
        ^^^^^^^^^^^^^^^^^^^
    )
    ^
  File "C:\Users\User\AppData\Local\Python\pythoncore-3.14-64\Lib\logging\__init__.py", line 1549, in error
    self._log(ERROR, msg, args, **kwargs)
    ~~~~~~~~~^^^^^^^^^^^^^^^^^^^^^^^^^^^^
  File "C:\Users\User\AppData\Local\Python\pythoncore-3.14-64\Lib\logging\__init__.py", line 1665, in _log
    self.handle(record)
    ~~~~~~~~~~~^^^^^^^^
  File "C:\Users\User\AppData\Local\Python\pythoncore-3.14-64\Lib\logging\__init__.py", line 1681, in handle
    self.callHandlers(record)
    ~~~~~~~~~~~~~~~~~^^^^^^^^
  File "C:\Users\User\AppData\Local\Python\pythoncore-3.14-64\Lib\logging\__init__.py", line 1737, in callHandlers
    hdlr.handle(record)
    ~~~~~~~~~~~^^^^^^^^
  File "C:\Users\User\AppData\Local\Python\pythoncore-3.14-64\Lib\logging\__init__.py", line 1027, in handle
    self.emit(record)
    ~~~~~~~~~^^^^^^^^
  File "C:\Users\User\AppData\Local\Python\pythoncore-3.14-64\Lib\site-packages\django\utils\log.py", line 125, in emit
    reporter.get_traceback_text(),
    ~~~~~~~~~~~~~~~~~~~~~~~~~~~^^
  File "C:\Users\User\AppData\Local\Python\pythoncore-3.14-64\Lib\site-packages\django\views\debug.py", line 404, in 
get_traceback_text
    return t.render(c)
           ~~~~~~~~^^^
  File "C:\Users\User\AppData\Local\Python\pythoncore-3.14-64\Lib\site-packages\django\template\base.py", line 175, in 
render
    return self._render(context)
           ~~~~~~~~~~~~^^^^^^^^^
  File "C:\Users\User\AppData\Local\Python\pythoncore-3.14-64\Lib\site-packages\django\test\utils.py", line 110, in 
instrumented_test_render
    template_rendered.send(sender=self, template=self, context=context)
    ~~~~~~~~~~~~~~~~~~~~~~^^^^^^^^^^^^^^^^^^^^^^^^^^^^^^^^^^^^^^^^^^^^^
  File "C:\Users\User\AppData\Local\Python\pythoncore-3.14-64\Lib\site-packages\django\dispatch\dispatcher.py", line 
177, in send
    (receiver, receiver(signal=self, sender=sender, **named))
               ~~~~~~~~^^^^^^^^^^^^^^^^^^^^^^^^^^^^^^^^^^^^^
  File "C:\Users\User\AppData\Local\Python\pythoncore-3.14-64\Lib\site-packages\django\test\client.py", line 236, in 
store_rendered_templates
    store["context"].append(copy(context))
                            ~~~~^^^^^^^^^
  File "C:\Users\User\AppData\Local\Python\pythoncore-3.14-64\Lib\copy.py", line 82, in copy
    return copier(x)
  File "C:\Users\User\AppData\Local\Python\pythoncore-3.14-64\Lib\site-packages\django\template\context.py", line 158, 
in __copy__
    duplicate = super().__copy__()
  File "C:\Users\User\AppData\Local\Python\pythoncore-3.14-64\Lib\site-packages\django\template\context.py", line 39, 
in __copy__
    duplicate.dicts = self.dicts[:]
    ^^^^^^^^^^^^^^^
AttributeError: 'super' object has no attribute 'dicts' and no __dict__ for setting new attributes

======================================================================
ERROR: test_lista_ventas (pos.tests.test_ventas.VentasTestCase.test_lista_ventas)
Test: Listar ventas
----------------------------------------------------------------------
Traceback (most recent call last):
  File "C:\Users\User\AppData\Local\Python\pythoncore-3.14-64\Lib\site-packages\django\core\handlers\exception.py", 
line 55, in inner
    response = get_response(request)
  File "C:\Users\User\AppData\Local\Python\pythoncore-3.14-64\Lib\site-packages\django\core\handlers\base.py", line 
197, in _get_response
    response = wrapped_callback(request, *callback_args, **callback_kwargs)
  File "C:\Users\User\AppData\Local\Python\pythoncore-3.14-64\Lib\site-packages\django\contrib\auth\decorators.py", 
line 23, in _wrapped_view
    return view_func(request, *args, **kwargs)
  File "C:\Users\User\Documents\Sistema pos\pos\views.py", line 722, in lista_ventas_view
    return render(request, 'pos/lista_ventas.html', context)
  File "C:\Users\User\AppData\Local\Python\pythoncore-3.14-64\Lib\site-packages\django\shortcuts.py", line 24, in 
render
    content = loader.render_to_string(template_name, context, request, using=using)
  File "C:\Users\User\AppData\Local\Python\pythoncore-3.14-64\Lib\site-packages\django\template\loader.py", line 62, 
in render_to_string
    return template.render(context, request)
           ~~~~~~~~~~~~~~~^^^^^^^^^^^^^^^^^^
  File "C:\Users\User\AppData\Local\Python\pythoncore-3.14-64\Lib\site-packages\django\template\backends\django.py", 
line 62, in render
    return self.template.render(context)
           ~~~~~~~~~~~~~~~~~~~~^^^^^^^^^
  File "C:\Users\User\AppData\Local\Python\pythoncore-3.14-64\Lib\site-packages\django\template\base.py", line 175, in 
render
    return self._render(context)
           ~~~~~~~~~~~~^^^^^^^^^
  File "C:\Users\User\AppData\Local\Python\pythoncore-3.14-64\Lib\site-packages\django\test\utils.py", line 110, in 
instrumented_test_render
    template_rendered.send(sender=self, template=self, context=context)
    ~~~~~~~~~~~~~~~~~~~~~~^^^^^^^^^^^^^^^^^^^^^^^^^^^^^^^^^^^^^^^^^^^^^
  File "C:\Users\User\AppData\Local\Python\pythoncore-3.14-64\Lib\site-packages\django\dispatch\dispatcher.py", line 
177, in send
    (receiver, receiver(signal=self, sender=sender, **named))
               ~~~~~~~~^^^^^^^^^^^^^^^^^^^^^^^^^^^^^^^^^^^^^
  File "C:\Users\User\AppData\Local\Python\pythoncore-3.14-64\Lib\site-packages\django\test\client.py", line 236, in 
store_rendered_templates
    store["context"].append(copy(context))
                            ~~~~^^^^^^^^^
  File "C:\Users\User\AppData\Local\Python\pythoncore-3.14-64\Lib\copy.py", line 82, in copy
    return copier(x)
  File "C:\Users\User\AppData\Local\Python\pythoncore-3.14-64\Lib\site-packages\django\template\context.py", line 158, 
in __copy__
    duplicate = super().__copy__()
  File "C:\Users\User\AppData\Local\Python\pythoncore-3.14-64\Lib\site-packages\django\template\context.py", line 39, 
in __copy__
    duplicate.dicts = self.dicts[:]
    ^^^^^^^^^^^^^^^
AttributeError: 'super' object has no attribute 'dicts' and no __dict__ for setting new attributes

During handling of the above exception, another exception occurred:

Traceback (most recent call last):
  File "C:\Users\User\AppData\Local\Python\pythoncore-3.14-64\Lib\site-packages\django\core\handlers\exception.py", 
line 55, in inner
    response = get_response(request)
  File "C:\Users\User\AppData\Local\Python\pythoncore-3.14-64\Lib\site-packages\django\utils\deprecation.py", line 
136, in __call__
    response = response or self.get_response(request)
                           ~~~~~~~~~~~~~~~~~^^^^^^^^^
  File "C:\Users\User\AppData\Local\Python\pythoncore-3.14-64\Lib\site-packages\django\core\handlers\exception.py", 
line 57, in inner
    response = response_for_exception(request, exc)
  File "C:\Users\User\AppData\Local\Python\pythoncore-3.14-64\Lib\site-packages\django\core\handlers\exception.py", 
line 143, in response_for_exception
    log_response(
    ~~~~~~~~~~~~^
        "%s: %s",
        ^^^^^^^^^
    ...<4 lines>...
        exception=exc,
        ^^^^^^^^^^^^^^
    )
    ^
  File "C:\Users\User\AppData\Local\Python\pythoncore-3.14-64\Lib\site-packages\django\utils\log.py", line 241, in 
log_response
    getattr(logger, level)(
    ~~~~~~~~~~~~~~~~~~~~~~^
        message,
        ^^^^^^^^
    ...<5 lines>...
        exc_info=exception,
        ^^^^^^^^^^^^^^^^^^^
    )
    ^
  File "C:\Users\User\AppData\Local\Python\pythoncore-3.14-64\Lib\logging\__init__.py", line 1549, in error
    self._log(ERROR, msg, args, **kwargs)
    ~~~~~~~~~^^^^^^^^^^^^^^^^^^^^^^^^^^^^
  File "C:\Users\User\AppData\Local\Python\pythoncore-3.14-64\Lib\logging\__init__.py", line 1665, in _log
    self.handle(record)
    ~~~~~~~~~~~^^^^^^^^
  File "C:\Users\User\AppData\Local\Python\pythoncore-3.14-64\Lib\logging\__init__.py", line 1681, in handle
    self.callHandlers(record)
    ~~~~~~~~~~~~~~~~~^^^^^^^^
  File "C:\Users\User\AppData\Local\Python\pythoncore-3.14-64\Lib\logging\__init__.py", line 1737, in callHandlers
    hdlr.handle(record)
    ~~~~~~~~~~~^^^^^^^^
  File "C:\Users\User\AppData\Local\Python\pythoncore-3.14-64\Lib\logging\__init__.py", line 1027, in handle
    self.emit(record)
    ~~~~~~~~~^^^^^^^^
  File "C:\Users\User\AppData\Local\Python\pythoncore-3.14-64\Lib\site-packages\django\utils\log.py", line 125, in emit
    reporter.get_traceback_text(),
    ~~~~~~~~~~~~~~~~~~~~~~~~~~~^^
  File "C:\Users\User\AppData\Local\Python\pythoncore-3.14-64\Lib\site-packages\django\views\debug.py", line 404, in 
get_traceback_text
    return t.render(c)
           ~~~~~~~~^^^
  File "C:\Users\User\AppData\Local\Python\pythoncore-3.14-64\Lib\site-packages\django\template\base.py", line 175, in 
render
    return self._render(context)
           ~~~~~~~~~~~~^^^^^^^^^
  File "C:\Users\User\AppData\Local\Python\pythoncore-3.14-64\Lib\site-packages\django\test\utils.py", line 110, in 
instrumented_test_render
    template_rendered.send(sender=self, template=self, context=context)
    ~~~~~~~~~~~~~~~~~~~~~~^^^^^^^^^^^^^^^^^^^^^^^^^^^^^^^^^^^^^^^^^^^^^
  File "C:\Users\User\AppData\Local\Python\pythoncore-3.14-64\Lib\site-packages\django\dispatch\dispatcher.py", line 
177, in send
    (receiver, receiver(signal=self, sender=sender, **named))
               ~~~~~~~~^^^^^^^^^^^^^^^^^^^^^^^^^^^^^^^^^^^^^
  File "C:\Users\User\AppData\Local\Python\pythoncore-3.14-64\Lib\site-packages\django\test\client.py", line 236, in 
store_rendered_templates
    store["context"].append(copy(context))
                            ~~~~^^^^^^^^^
  File "C:\Users\User\AppData\Local\Python\pythoncore-3.14-64\Lib\copy.py", line 82, in copy
    return copier(x)
  File "C:\Users\User\AppData\Local\Python\pythoncore-3.14-64\Lib\site-packages\django\template\context.py", line 158, 
in __copy__
    duplicate = super().__copy__()
  File "C:\Users\User\AppData\Local\Python\pythoncore-3.14-64\Lib\site-packages\django\template\context.py", line 39, 
in __copy__
    duplicate.dicts = self.dicts[:]
    ^^^^^^^^^^^^^^^
AttributeError: 'super' object has no attribute 'dicts' and no __dict__ for setting new attributes

During handling of the above exception, another exception occurred:

Traceback (most recent call last):
  File "C:\Users\User\AppData\Local\Python\pythoncore-3.14-64\Lib\site-packages\django\core\handlers\exception.py", 
line 55, in inner
    response = get_response(request)
  File "C:\Users\User\AppData\Local\Python\pythoncore-3.14-64\Lib\site-packages\django\utils\deprecation.py", line 
136, in __call__
    response = response or self.get_response(request)
                           ~~~~~~~~~~~~~~~~~^^^^^^^^^
  File "C:\Users\User\AppData\Local\Python\pythoncore-3.14-64\Lib\site-packages\django\core\handlers\exception.py", 
line 57, in inner
    response = response_for_exception(request, exc)
  File "C:\Users\User\AppData\Local\Python\pythoncore-3.14-64\Lib\site-packages\django\core\handlers\exception.py", 
line 143, in response_for_exception
    log_response(
    ~~~~~~~~~~~~^
        "%s: %s",
        ^^^^^^^^^
    ...<4 lines>...
        exception=exc,
        ^^^^^^^^^^^^^^
    )
    ^
  File "C:\Users\User\AppData\Local\Python\pythoncore-3.14-64\Lib\site-packages\django\utils\log.py", line 241, in 
log_response
    getattr(logger, level)(
    ~~~~~~~~~~~~~~~~~~~~~~^
        message,
        ^^^^^^^^
    ...<5 lines>...
        exc_info=exception,
        ^^^^^^^^^^^^^^^^^^^
    )
    ^
  File "C:\Users\User\AppData\Local\Python\pythoncore-3.14-64\Lib\logging\__init__.py", line 1549, in error
    self._log(ERROR, msg, args, **kwargs)
    ~~~~~~~~~^^^^^^^^^^^^^^^^^^^^^^^^^^^^
  File "C:\Users\User\AppData\Local\Python\pythoncore-3.14-64\Lib\logging\__init__.py", line 1665, in _log
    self.handle(record)
    ~~~~~~~~~~~^^^^^^^^
  File "C:\Users\User\AppData\Local\Python\pythoncore-3.14-64\Lib\logging\__init__.py", line 1681, in handle
    self.callHandlers(record)
    ~~~~~~~~~~~~~~~~~^^^^^^^^
  File "C:\Users\User\AppData\Local\Python\pythoncore-3.14-64\Lib\logging\__init__.py", line 1737, in callHandlers
    hdlr.handle(record)
    ~~~~~~~~~~~^^^^^^^^
  File "C:\Users\User\AppData\Local\Python\pythoncore-3.14-64\Lib\logging\__init__.py", line 1027, in handle
    self.emit(record)
    ~~~~~~~~~^^^^^^^^
  File "C:\Users\User\AppData\Local\Python\pythoncore-3.14-64\Lib\site-packages\django\utils\log.py", line 125, in emit
    reporter.get_traceback_text(),
    ~~~~~~~~~~~~~~~~~~~~~~~~~~~^^
  File "C:\Users\User\AppData\Local\Python\pythoncore-3.14-64\Lib\site-packages\django\views\debug.py", line 404, in 
get_traceback_text
    return t.render(c)
           ~~~~~~~~^^^
  File "C:\Users\User\AppData\Local\Python\pythoncore-3.14-64\Lib\site-packages\django\template\base.py", line 175, in 
render
    return self._render(context)
           ~~~~~~~~~~~~^^^^^^^^^
  File "C:\Users\User\AppData\Local\Python\pythoncore-3.14-64\Lib\site-packages\django\test\utils.py", line 110, in 
instrumented_test_render
    template_rendered.send(sender=self, template=self, context=context)
    ~~~~~~~~~~~~~~~~~~~~~~^^^^^^^^^^^^^^^^^^^^^^^^^^^^^^^^^^^^^^^^^^^^^
  File "C:\Users\User\AppData\Local\Python\pythoncore-3.14-64\Lib\site-packages\django\dispatch\dispatcher.py", line 
177, in send
    (receiver, receiver(signal=self, sender=sender, **named))
               ~~~~~~~~^^^^^^^^^^^^^^^^^^^^^^^^^^^^^^^^^^^^^
  File "C:\Users\User\AppData\Local\Python\pythoncore-3.14-64\Lib\site-packages\django\test\client.py", line 236, in 
store_rendered_templates
    store["context"].append(copy(context))
                            ~~~~^^^^^^^^^
  File "C:\Users\User\AppData\Local\Python\pythoncore-3.14-64\Lib\copy.py", line 82, in copy
    return copier(x)
  File "C:\Users\User\AppData\Local\Python\pythoncore-3.14-64\Lib\site-packages\django\template\context.py", line 158, 
in __copy__
    duplicate = super().__copy__()
  File "C:\Users\User\AppData\Local\Python\pythoncore-3.14-64\Lib\site-packages\django\template\context.py", line 39, 
in __copy__
    duplicate.dicts = self.dicts[:]
    ^^^^^^^^^^^^^^^
AttributeError: 'super' object has no attribute 'dicts' and no __dict__ for setting new attributes

During handling of the above exception, another exception occurred:

Traceback (most recent call last):
  File "C:\Users\User\AppData\Local\Python\pythoncore-3.14-64\Lib\site-packages\django\core\handlers\exception.py", 
line 55, in inner
    response = get_response(request)
  File "C:\Users\User\AppData\Local\Python\pythoncore-3.14-64\Lib\site-packages\django\utils\deprecation.py", line 
136, in __call__
    response = response or self.get_response(request)
                           ~~~~~~~~~~~~~~~~~^^^^^^^^^
  File "C:\Users\User\AppData\Local\Python\pythoncore-3.14-64\Lib\site-packages\django\core\handlers\exception.py", 
line 57, in inner
    response = response_for_exception(request, exc)
  File "C:\Users\User\AppData\Local\Python\pythoncore-3.14-64\Lib\site-packages\django\core\handlers\exception.py", 
line 143, in response_for_exception
    log_response(
    ~~~~~~~~~~~~^
        "%s: %s",
        ^^^^^^^^^
    ...<4 lines>...
        exception=exc,
        ^^^^^^^^^^^^^^
    )
    ^
  File "C:\Users\User\AppData\Local\Python\pythoncore-3.14-64\Lib\site-packages\django\utils\log.py", line 241, in 
log_response
    getattr(logger, level)(
    ~~~~~~~~~~~~~~~~~~~~~~^
        message,
        ^^^^^^^^
    ...<5 lines>...
        exc_info=exception,
        ^^^^^^^^^^^^^^^^^^^
    )
    ^
  File "C:\Users\User\AppData\Local\Python\pythoncore-3.14-64\Lib\logging\__init__.py", line 1549, in error
    self._log(ERROR, msg, args, **kwargs)
    ~~~~~~~~~^^^^^^^^^^^^^^^^^^^^^^^^^^^^
  File "C:\Users\User\AppData\Local\Python\pythoncore-3.14-64\Lib\logging\__init__.py", line 1665, in _log
    self.handle(record)
    ~~~~~~~~~~~^^^^^^^^
  File "C:\Users\User\AppData\Local\Python\pythoncore-3.14-64\Lib\logging\__init__.py", line 1681, in handle
    self.callHandlers(record)
    ~~~~~~~~~~~~~~~~~^^^^^^^^
  File "C:\Users\User\AppData\Local\Python\pythoncore-3.14-64\Lib\logging\__init__.py", line 1737, in callHandlers
    hdlr.handle(record)
    ~~~~~~~~~~~^^^^^^^^
  File "C:\Users\User\AppData\Local\Python\pythoncore-3.14-64\Lib\logging\__init__.py", line 1027, in handle
    self.emit(record)
    ~~~~~~~~~^^^^^^^^
  File "C:\Users\User\AppData\Local\Python\pythoncore-3.14-64\Lib\site-packages\django\utils\log.py", line 125, in emit
    reporter.get_traceback_text(),
    ~~~~~~~~~~~~~~~~~~~~~~~~~~~^^
  File "C:\Users\User\AppData\Local\Python\pythoncore-3.14-64\Lib\site-packages\django\views\debug.py", line 404, in 
get_traceback_text
    return t.render(c)
           ~~~~~~~~^^^
  File "C:\Users\User\AppData\Local\Python\pythoncore-3.14-64\Lib\site-packages\django\template\base.py", line 175, in 
render
    return self._render(context)
           ~~~~~~~~~~~~^^^^^^^^^
  File "C:\Users\User\AppData\Local\Python\pythoncore-3.14-64\Lib\site-packages\django\test\utils.py", line 110, in 
instrumented_test_render
    template_rendered.send(sender=self, template=self, context=context)
    ~~~~~~~~~~~~~~~~~~~~~~^^^^^^^^^^^^^^^^^^^^^^^^^^^^^^^^^^^^^^^^^^^^^
  File "C:\Users\User\AppData\Local\Python\pythoncore-3.14-64\Lib\site-packages\django\dispatch\dispatcher.py", line 
177, in send
    (receiver, receiver(signal=self, sender=sender, **named))
               ~~~~~~~~^^^^^^^^^^^^^^^^^^^^^^^^^^^^^^^^^^^^^
  File "C:\Users\User\AppData\Local\Python\pythoncore-3.14-64\Lib\site-packages\django\test\client.py", line 236, in 
store_rendered_templates
    store["context"].append(copy(context))
                            ~~~~^^^^^^^^^
  File "C:\Users\User\AppData\Local\Python\pythoncore-3.14-64\Lib\copy.py", line 82, in copy
    return copier(x)
  File "C:\Users\User\AppData\Local\Python\pythoncore-3.14-64\Lib\site-packages\django\template\context.py", line 158, 
in __copy__
    duplicate = super().__copy__()
  File "C:\Users\User\AppData\Local\Python\pythoncore-3.14-64\Lib\site-packages\django\template\context.py", line 39, 
in __copy__
    duplicate.dicts = self.dicts[:]
    ^^^^^^^^^^^^^^^
AttributeError: 'super' object has no attribute 'dicts' and no __dict__ for setting new attributes

During handling of the above exception, another exception occurred:

Traceback (most recent call last):
  File "C:\Users\User\AppData\Local\Python\pythoncore-3.14-64\Lib\site-packages\django\core\handlers\exception.py", 
line 55, in inner
    response = get_response(request)
  File "C:\Users\User\AppData\Local\Python\pythoncore-3.14-64\Lib\site-packages\django\utils\deprecation.py", line 
136, in __call__
    response = response or self.get_response(request)
                           ~~~~~~~~~~~~~~~~~^^^^^^^^^
  File "C:\Users\User\AppData\Local\Python\pythoncore-3.14-64\Lib\site-packages\django\core\handlers\exception.py", 
line 57, in inner
    response = response_for_exception(request, exc)
  File "C:\Users\User\AppData\Local\Python\pythoncore-3.14-64\Lib\site-packages\django\core\handlers\exception.py", 
line 143, in response_for_exception
    log_response(
    ~~~~~~~~~~~~^
        "%s: %s",
        ^^^^^^^^^
    ...<4 lines>...
        exception=exc,
        ^^^^^^^^^^^^^^
    )
    ^
  File "C:\Users\User\AppData\Local\Python\pythoncore-3.14-64\Lib\site-packages\django\utils\log.py", line 241, in 
log_response
    getattr(logger, level)(
    ~~~~~~~~~~~~~~~~~~~~~~^
        message,
        ^^^^^^^^
    ...<5 lines>...
        exc_info=exception,
        ^^^^^^^^^^^^^^^^^^^
    )
    ^
  File "C:\Users\User\AppData\Local\Python\pythoncore-3.14-64\Lib\logging\__init__.py", line 1549, in error
    self._log(ERROR, msg, args, **kwargs)
    ~~~~~~~~~^^^^^^^^^^^^^^^^^^^^^^^^^^^^
  File "C:\Users\User\AppData\Local\Python\pythoncore-3.14-64\Lib\logging\__init__.py", line 1665, in _log
    self.handle(record)
    ~~~~~~~~~~~^^^^^^^^
  File "C:\Users\User\AppData\Local\Python\pythoncore-3.14-64\Lib\logging\__init__.py", line 1681, in handle
    self.callHandlers(record)
    ~~~~~~~~~~~~~~~~~^^^^^^^^
  File "C:\Users\User\AppData\Local\Python\pythoncore-3.14-64\Lib\logging\__init__.py", line 1737, in callHandlers
    hdlr.handle(record)
    ~~~~~~~~~~~^^^^^^^^
  File "C:\Users\User\AppData\Local\Python\pythoncore-3.14-64\Lib\logging\__init__.py", line 1027, in handle
    self.emit(record)
    ~~~~~~~~~^^^^^^^^
  File "C:\Users\User\AppData\Local\Python\pythoncore-3.14-64\Lib\site-packages\django\utils\log.py", line 125, in emit
    reporter.get_traceback_text(),
    ~~~~~~~~~~~~~~~~~~~~~~~~~~~^^
  File "C:\Users\User\AppData\Local\Python\pythoncore-3.14-64\Lib\site-packages\django\views\debug.py", line 404, in 
get_traceback_text
    return t.render(c)
           ~~~~~~~~^^^
  File "C:\Users\User\AppData\Local\Python\pythoncore-3.14-64\Lib\site-packages\django\template\base.py", line 175, in 
render
    return self._render(context)
           ~~~~~~~~~~~~^^^^^^^^^
  File "C:\Users\User\AppData\Local\Python\pythoncore-3.14-64\Lib\site-packages\django\test\utils.py", line 110, in 
instrumented_test_render
    template_rendered.send(sender=self, template=self, context=context)
    ~~~~~~~~~~~~~~~~~~~~~~^^^^^^^^^^^^^^^^^^^^^^^^^^^^^^^^^^^^^^^^^^^^^
  File "C:\Users\User\AppData\Local\Python\pythoncore-3.14-64\Lib\site-packages\django\dispatch\dispatcher.py", line 
177, in send
    (receiver, receiver(signal=self, sender=sender, **named))
               ~~~~~~~~^^^^^^^^^^^^^^^^^^^^^^^^^^^^^^^^^^^^^
  File "C:\Users\User\AppData\Local\Python\pythoncore-3.14-64\Lib\site-packages\django\test\client.py", line 236, in 
store_rendered_templates
    store["context"].append(copy(context))
                            ~~~~^^^^^^^^^
  File "C:\Users\User\AppData\Local\Python\pythoncore-3.14-64\Lib\copy.py", line 82, in copy
    return copier(x)
  File "C:\Users\User\AppData\Local\Python\pythoncore-3.14-64\Lib\site-packages\django\template\context.py", line 158, 
in __copy__
    duplicate = super().__copy__()
  File "C:\Users\User\AppData\Local\Python\pythoncore-3.14-64\Lib\site-packages\django\template\context.py", line 39, 
in __copy__
    duplicate.dicts = self.dicts[:]
    ^^^^^^^^^^^^^^^
AttributeError: 'super' object has no attribute 'dicts' and no __dict__ for setting new attributes

During handling of the above exception, another exception occurred:

Traceback (most recent call last):
  File "C:\Users\User\AppData\Local\Python\pythoncore-3.14-64\Lib\site-packages\django\core\handlers\exception.py", 
line 55, in inner
    response = get_response(request)
  File "C:\Users\User\AppData\Local\Python\pythoncore-3.14-64\Lib\site-packages\django\utils\deprecation.py", line 
136, in __call__
    response = response or self.get_response(request)
                           ~~~~~~~~~~~~~~~~~^^^^^^^^^
  File "C:\Users\User\AppData\Local\Python\pythoncore-3.14-64\Lib\site-packages\django\core\handlers\exception.py", 
line 57, in inner
    response = response_for_exception(request, exc)
  File "C:\Users\User\AppData\Local\Python\pythoncore-3.14-64\Lib\site-packages\django\core\handlers\exception.py", 
line 143, in response_for_exception
    log_response(
    ~~~~~~~~~~~~^
        "%s: %s",
        ^^^^^^^^^
    ...<4 lines>...
        exception=exc,
        ^^^^^^^^^^^^^^
    )
    ^
  File "C:\Users\User\AppData\Local\Python\pythoncore-3.14-64\Lib\site-packages\django\utils\log.py", line 241, in 
log_response
    getattr(logger, level)(
    ~~~~~~~~~~~~~~~~~~~~~~^
        message,
        ^^^^^^^^
    ...<5 lines>...
        exc_info=exception,
        ^^^^^^^^^^^^^^^^^^^
    )
    ^
  File "C:\Users\User\AppData\Local\Python\pythoncore-3.14-64\Lib\logging\__init__.py", line 1549, in error
    self._log(ERROR, msg, args, **kwargs)
    ~~~~~~~~~^^^^^^^^^^^^^^^^^^^^^^^^^^^^
  File "C:\Users\User\AppData\Local\Python\pythoncore-3.14-64\Lib\logging\__init__.py", line 1665, in _log
    self.handle(record)
    ~~~~~~~~~~~^^^^^^^^
  File "C:\Users\User\AppData\Local\Python\pythoncore-3.14-64\Lib\logging\__init__.py", line 1681, in handle
    self.callHandlers(record)
    ~~~~~~~~~~~~~~~~~^^^^^^^^
  File "C:\Users\User\AppData\Local\Python\pythoncore-3.14-64\Lib\logging\__init__.py", line 1737, in callHandlers
    hdlr.handle(record)
    ~~~~~~~~~~~^^^^^^^^
  File "C:\Users\User\AppData\Local\Python\pythoncore-3.14-64\Lib\logging\__init__.py", line 1027, in handle
    self.emit(record)
    ~~~~~~~~~^^^^^^^^
  File "C:\Users\User\AppData\Local\Python\pythoncore-3.14-64\Lib\site-packages\django\utils\log.py", line 125, in emit
    reporter.get_traceback_text(),
    ~~~~~~~~~~~~~~~~~~~~~~~~~~~^^
  File "C:\Users\User\AppData\Local\Python\pythoncore-3.14-64\Lib\site-packages\django\views\debug.py", line 404, in 
get_traceback_text
    return t.render(c)
           ~~~~~~~~^^^
  File "C:\Users\User\AppData\Local\Python\pythoncore-3.14-64\Lib\site-packages\django\template\base.py", line 175, in 
render
    return self._render(context)
           ~~~~~~~~~~~~^^^^^^^^^
  File "C:\Users\User\AppData\Local\Python\pythoncore-3.14-64\Lib\site-packages\django\test\utils.py", line 110, in 
instrumented_test_render
    template_rendered.send(sender=self, template=self, context=context)
    ~~~~~~~~~~~~~~~~~~~~~~^^^^^^^^^^^^^^^^^^^^^^^^^^^^^^^^^^^^^^^^^^^^^
  File "C:\Users\User\AppData\Local\Python\pythoncore-3.14-64\Lib\site-packages\django\dispatch\dispatcher.py", line 
177, in send
    (receiver, receiver(signal=self, sender=sender, **named))
               ~~~~~~~~^^^^^^^^^^^^^^^^^^^^^^^^^^^^^^^^^^^^^
  File "C:\Users\User\AppData\Local\Python\pythoncore-3.14-64\Lib\site-packages\django\test\client.py", line 236, in 
store_rendered_templates
    store["context"].append(copy(context))
                            ~~~~^^^^^^^^^
  File "C:\Users\User\AppData\Local\Python\pythoncore-3.14-64\Lib\copy.py", line 82, in copy
    return copier(x)
  File "C:\Users\User\AppData\Local\Python\pythoncore-3.14-64\Lib\site-packages\django\template\context.py", line 158, 
in __copy__
    duplicate = super().__copy__()
  File "C:\Users\User\AppData\Local\Python\pythoncore-3.14-64\Lib\site-packages\django\template\context.py", line 39, 
in __copy__
    duplicate.dicts = self.dicts[:]
    ^^^^^^^^^^^^^^^
AttributeError: 'super' object has no attribute 'dicts' and no __dict__ for setting new attributes

During handling of the above exception, another exception occurred:

Traceback (most recent call last):
  File "C:\Users\User\AppData\Local\Python\pythoncore-3.14-64\Lib\site-packages\django\core\handlers\exception.py", 
line 55, in inner
    response = get_response(request)
  File "C:\Users\User\AppData\Local\Python\pythoncore-3.14-64\Lib\site-packages\django\utils\deprecation.py", line 
136, in __call__
    response = response or self.get_response(request)
                           ~~~~~~~~~~~~~~~~~^^^^^^^^^
  File "C:\Users\User\AppData\Local\Python\pythoncore-3.14-64\Lib\site-packages\django\core\handlers\exception.py", 
line 57, in inner
    response = response_for_exception(request, exc)
  File "C:\Users\User\AppData\Local\Python\pythoncore-3.14-64\Lib\site-packages\django\core\handlers\exception.py", 
line 143, in response_for_exception
    log_response(
    ~~~~~~~~~~~~^
        "%s: %s",
        ^^^^^^^^^
    ...<4 lines>...
        exception=exc,
        ^^^^^^^^^^^^^^
    )
    ^
  File "C:\Users\User\AppData\Local\Python\pythoncore-3.14-64\Lib\site-packages\django\utils\log.py", line 241, in 
log_response
    getattr(logger, level)(
    ~~~~~~~~~~~~~~~~~~~~~~^
        message,
        ^^^^^^^^
    ...<5 lines>...
        exc_info=exception,
        ^^^^^^^^^^^^^^^^^^^
    )
    ^
  File "C:\Users\User\AppData\Local\Python\pythoncore-3.14-64\Lib\logging\__init__.py", line 1549, in error
    self._log(ERROR, msg, args, **kwargs)
    ~~~~~~~~~^^^^^^^^^^^^^^^^^^^^^^^^^^^^
  File "C:\Users\User\AppData\Local\Python\pythoncore-3.14-64\Lib\logging\__init__.py", line 1665, in _log
    self.handle(record)
    ~~~~~~~~~~~^^^^^^^^
  File "C:\Users\User\AppData\Local\Python\pythoncore-3.14-64\Lib\logging\__init__.py", line 1681, in handle
    self.callHandlers(record)
    ~~~~~~~~~~~~~~~~~^^^^^^^^
  File "C:\Users\User\AppData\Local\Python\pythoncore-3.14-64\Lib\logging\__init__.py", line 1737, in callHandlers
    hdlr.handle(record)
    ~~~~~~~~~~~^^^^^^^^
  File "C:\Users\User\AppData\Local\Python\pythoncore-3.14-64\Lib\logging\__init__.py", line 1027, in handle
    self.emit(record)
    ~~~~~~~~~^^^^^^^^
  File "C:\Users\User\AppData\Local\Python\pythoncore-3.14-64\Lib\site-packages\django\utils\log.py", line 125, in emit
    reporter.get_traceback_text(),
    ~~~~~~~~~~~~~~~~~~~~~~~~~~~^^
  File "C:\Users\User\AppData\Local\Python\pythoncore-3.14-64\Lib\site-packages\django\views\debug.py", line 404, in 
get_traceback_text
    return t.render(c)
           ~~~~~~~~^^^
  File "C:\Users\User\AppData\Local\Python\pythoncore-3.14-64\Lib\site-packages\django\template\base.py", line 175, in 
render
    return self._render(context)
           ~~~~~~~~~~~~^^^^^^^^^
  File "C:\Users\User\AppData\Local\Python\pythoncore-3.14-64\Lib\site-packages\django\test\utils.py", line 110, in 
instrumented_test_render
    template_rendered.send(sender=self, template=self, context=context)
    ~~~~~~~~~~~~~~~~~~~~~~^^^^^^^^^^^^^^^^^^^^^^^^^^^^^^^^^^^^^^^^^^^^^
  File "C:\Users\User\AppData\Local\Python\pythoncore-3.14-64\Lib\site-packages\django\dispatch\dispatcher.py", line 
177, in send
    (receiver, receiver(signal=self, sender=sender, **named))
               ~~~~~~~~^^^^^^^^^^^^^^^^^^^^^^^^^^^^^^^^^^^^^
  File "C:\Users\User\AppData\Local\Python\pythoncore-3.14-64\Lib\site-packages\django\test\client.py", line 236, in 
store_rendered_templates
    store["context"].append(copy(context))
                            ~~~~^^^^^^^^^
  File "C:\Users\User\AppData\Local\Python\pythoncore-3.14-64\Lib\copy.py", line 82, in copy
    return copier(x)
  File "C:\Users\User\AppData\Local\Python\pythoncore-3.14-64\Lib\site-packages\django\template\context.py", line 158, 
in __copy__
    duplicate = super().__copy__()
  File "C:\Users\User\AppData\Local\Python\pythoncore-3.14-64\Lib\site-packages\django\template\context.py", line 39, 
in __copy__
    duplicate.dicts = self.dicts[:]
    ^^^^^^^^^^^^^^^
AttributeError: 'super' object has no attribute 'dicts' and no __dict__ for setting new attributes

During handling of the above exception, another exception occurred:

Traceback (most recent call last):
  File "C:\Users\User\AppData\Local\Python\pythoncore-3.14-64\Lib\site-packages\django\core\handlers\exception.py", 
line 55, in inner
    response = get_response(request)
  File "C:\Users\User\AppData\Local\Python\pythoncore-3.14-64\Lib\site-packages\django\utils\deprecation.py", line 
136, in __call__
    response = response or self.get_response(request)
                           ~~~~~~~~~~~~~~~~~^^^^^^^^^
  File "C:\Users\User\AppData\Local\Python\pythoncore-3.14-64\Lib\site-packages\django\core\handlers\exception.py", 
line 57, in inner
    response = response_for_exception(request, exc)
  File "C:\Users\User\AppData\Local\Python\pythoncore-3.14-64\Lib\site-packages\django\core\handlers\exception.py", 
line 143, in response_for_exception
    log_response(
    ~~~~~~~~~~~~^
        "%s: %s",
        ^^^^^^^^^
    ...<4 lines>...
        exception=exc,
        ^^^^^^^^^^^^^^
    )
    ^
  File "C:\Users\User\AppData\Local\Python\pythoncore-3.14-64\Lib\site-packages\django\utils\log.py", line 241, in 
log_response
    getattr(logger, level)(
    ~~~~~~~~~~~~~~~~~~~~~~^
        message,
        ^^^^^^^^
    ...<5 lines>...
        exc_info=exception,
        ^^^^^^^^^^^^^^^^^^^
    )
    ^
  File "C:\Users\User\AppData\Local\Python\pythoncore-3.14-64\Lib\logging\__init__.py", line 1549, in error
    self._log(ERROR, msg, args, **kwargs)
    ~~~~~~~~~^^^^^^^^^^^^^^^^^^^^^^^^^^^^
  File "C:\Users\User\AppData\Local\Python\pythoncore-3.14-64\Lib\logging\__init__.py", line 1665, in _log
    self.handle(record)
    ~~~~~~~~~~~^^^^^^^^
  File "C:\Users\User\AppData\Local\Python\pythoncore-3.14-64\Lib\logging\__init__.py", line 1681, in handle
    self.callHandlers(record)
    ~~~~~~~~~~~~~~~~~^^^^^^^^
  File "C:\Users\User\AppData\Local\Python\pythoncore-3.14-64\Lib\logging\__init__.py", line 1737, in callHandlers
    hdlr.handle(record)
    ~~~~~~~~~~~^^^^^^^^
  File "C:\Users\User\AppData\Local\Python\pythoncore-3.14-64\Lib\logging\__init__.py", line 1027, in handle
    self.emit(record)
    ~~~~~~~~~^^^^^^^^
  File "C:\Users\User\AppData\Local\Python\pythoncore-3.14-64\Lib\site-packages\django\utils\log.py", line 125, in emit
    reporter.get_traceback_text(),
    ~~~~~~~~~~~~~~~~~~~~~~~~~~~^^
  File "C:\Users\User\AppData\Local\Python\pythoncore-3.14-64\Lib\site-packages\django\views\debug.py", line 404, in 
get_traceback_text
    return t.render(c)
           ~~~~~~~~^^^
  File "C:\Users\User\AppData\Local\Python\pythoncore-3.14-64\Lib\site-packages\django\template\base.py", line 175, in 
render
    return self._render(context)
           ~~~~~~~~~~~~^^^^^^^^^
  File "C:\Users\User\AppData\Local\Python\pythoncore-3.14-64\Lib\site-packages\django\test\utils.py", line 110, in 
instrumented_test_render
    template_rendered.send(sender=self, template=self, context=context)
    ~~~~~~~~~~~~~~~~~~~~~~^^^^^^^^^^^^^^^^^^^^^^^^^^^^^^^^^^^^^^^^^^^^^
  File "C:\Users\User\AppData\Local\Python\pythoncore-3.14-64\Lib\site-packages\django\dispatch\dispatcher.py", line 
177, in send
    (receiver, receiver(signal=self, sender=sender, **named))
               ~~~~~~~~^^^^^^^^^^^^^^^^^^^^^^^^^^^^^^^^^^^^^
  File "C:\Users\User\AppData\Local\Python\pythoncore-3.14-64\Lib\site-packages\django\test\client.py", line 236, in 
store_rendered_templates
    store["context"].append(copy(context))
                            ~~~~^^^^^^^^^
  File "C:\Users\User\AppData\Local\Python\pythoncore-3.14-64\Lib\copy.py", line 82, in copy
    return copier(x)
  File "C:\Users\User\AppData\Local\Python\pythoncore-3.14-64\Lib\site-packages\django\template\context.py", line 158, 
in __copy__
    duplicate = super().__copy__()
  File "C:\Users\User\AppData\Local\Python\pythoncore-3.14-64\Lib\site-packages\django\template\context.py", line 39, 
in __copy__
    duplicate.dicts = self.dicts[:]
    ^^^^^^^^^^^^^^^
AttributeError: 'super' object has no attribute 'dicts' and no __dict__ for setting new attributes

During handling of the above exception, another exception occurred:

Traceback (most recent call last):
  File "C:\Users\User\Documents\Sistema pos\pos\tests\test_ventas.py", line 192, in test_lista_ventas
    response = self.client.get(reverse('pos:lista_ventas'))
  File "C:\Users\User\AppData\Local\Python\pythoncore-3.14-64\Lib\site-packages\django\test\client.py", line 836, in 
get
    response = super().get(path, data=data, secure=secure, **extra)
  File "C:\Users\User\AppData\Local\Python\pythoncore-3.14-64\Lib\site-packages\django\test\client.py", line 424, in 
get
    return self.generic(
           ~~~~~~~~~~~~^
        "GET",
        ^^^^^^
    ...<5 lines>...
        },
        ^^
    )
    ^
  File "C:\Users\User\AppData\Local\Python\pythoncore-3.14-64\Lib\site-packages\django\test\client.py", line 541, in 
generic
    return self.request(**r)
           ~~~~~~~~~~~~^^^^^
  File "C:\Users\User\AppData\Local\Python\pythoncore-3.14-64\Lib\site-packages\django\test\client.py", line 805, in 
request
    response = self.handler(environ)
  File "C:\Users\User\AppData\Local\Python\pythoncore-3.14-64\Lib\site-packages\django\test\client.py", line 153, in 
__call__
    response = self.get_response(request)
  File "C:\Users\User\AppData\Local\Python\pythoncore-3.14-64\Lib\site-packages\django\core\handlers\base.py", line 
140, in get_response
    response = self._middleware_chain(request)
  File "C:\Users\User\AppData\Local\Python\pythoncore-3.14-64\Lib\site-packages\django\core\handlers\exception.py", 
line 57, in inner
    response = response_for_exception(request, exc)
  File "C:\Users\User\AppData\Local\Python\pythoncore-3.14-64\Lib\site-packages\django\core\handlers\exception.py", 
line 143, in response_for_exception
    log_response(
    ~~~~~~~~~~~~^
        "%s: %s",
        ^^^^^^^^^
    ...<4 lines>...
        exception=exc,
        ^^^^^^^^^^^^^^
    )
    ^
  File "C:\Users\User\AppData\Local\Python\pythoncore-3.14-64\Lib\site-packages\django\utils\log.py", line 241, in 
log_response
    getattr(logger, level)(
    ~~~~~~~~~~~~~~~~~~~~~~^
        message,
        ^^^^^^^^
    ...<5 lines>...
        exc_info=exception,
        ^^^^^^^^^^^^^^^^^^^
    )
    ^
  File "C:\Users\User\AppData\Local\Python\pythoncore-3.14-64\Lib\logging\__init__.py", line 1549, in error
    self._log(ERROR, msg, args, **kwargs)
    ~~~~~~~~~^^^^^^^^^^^^^^^^^^^^^^^^^^^^
  File "C:\Users\User\AppData\Local\Python\pythoncore-3.14-64\Lib\logging\__init__.py", line 1665, in _log
    self.handle(record)
    ~~~~~~~~~~~^^^^^^^^
  File "C:\Users\User\AppData\Local\Python\pythoncore-3.14-64\Lib\logging\__init__.py", line 1681, in handle
    self.callHandlers(record)
    ~~~~~~~~~~~~~~~~~^^^^^^^^
  File "C:\Users\User\AppData\Local\Python\pythoncore-3.14-64\Lib\logging\__init__.py", line 1737, in callHandlers
    hdlr.handle(record)
    ~~~~~~~~~~~^^^^^^^^
  File "C:\Users\User\AppData\Local\Python\pythoncore-3.14-64\Lib\logging\__init__.py", line 1027, in handle
    self.emit(record)
    ~~~~~~~~~^^^^^^^^
  File "C:\Users\User\AppData\Local\Python\pythoncore-3.14-64\Lib\site-packages\django\utils\log.py", line 125, in emit
    reporter.get_traceback_text(),
    ~~~~~~~~~~~~~~~~~~~~~~~~~~~^^
  File "C:\Users\User\AppData\Local\Python\pythoncore-3.14-64\Lib\site-packages\django\views\debug.py", line 404, in 
get_traceback_text
    return t.render(c)
           ~~~~~~~~^^^
  File "C:\Users\User\AppData\Local\Python\pythoncore-3.14-64\Lib\site-packages\django\template\base.py", line 175, in 
render
    return self._render(context)
           ~~~~~~~~~~~~^^^^^^^^^
  File "C:\Users\User\AppData\Local\Python\pythoncore-3.14-64\Lib\site-packages\django\test\utils.py", line 110, in 
instrumented_test_render
    template_rendered.send(sender=self, template=self, context=context)
    ~~~~~~~~~~~~~~~~~~~~~~^^^^^^^^^^^^^^^^^^^^^^^^^^^^^^^^^^^^^^^^^^^^^
  File "C:\Users\User\AppData\Local\Python\pythoncore-3.14-64\Lib\site-packages\django\dispatch\dispatcher.py", line 
177, in send
    (receiver, receiver(signal=self, sender=sender, **named))
               ~~~~~~~~^^^^^^^^^^^^^^^^^^^^^^^^^^^^^^^^^^^^^
  File "C:\Users\User\AppData\Local\Python\pythoncore-3.14-64\Lib\site-packages\django\test\client.py", line 236, in 
store_rendered_templates
    store["context"].append(copy(context))
                            ~~~~^^^^^^^^^
  File "C:\Users\User\AppData\Local\Python\pythoncore-3.14-64\Lib\copy.py", line 82, in copy
    return copier(x)
  File "C:\Users\User\AppData\Local\Python\pythoncore-3.14-64\Lib\site-packages\django\template\context.py", line 158, 
in __copy__
    duplicate = super().__copy__()
  File "C:\Users\User\AppData\Local\Python\pythoncore-3.14-64\Lib\site-packages\django\template\context.py", line 39, 
in __copy__
    duplicate.dicts = self.dicts[:]
    ^^^^^^^^^^^^^^^
AttributeError: 'super' object has no attribute 'dicts' and no __dict__ for setting new attributes

======================================================================
FAIL: test_abrir_caja (pos.tests.test_caja.CajaTestCase.test_abrir_caja)
Test: Abrir una caja
----------------------------------------------------------------------
Traceback (most recent call last):
  File "C:\Users\User\Documents\Sistema pos\pos\tests\test_caja.py", line 47, in test_abrir_caja
    self.assertEqual(response.status_code, 200)
    ~~~~~~~~~~~~~~~~^^^^^^^^^^^^^^^^^^^^^^^^^^^
AssertionError: 302 != 200

======================================================================
FAIL: test_crear_cliente (pos.tests.test_clientes.ClientesTestCase.test_crear_cliente)
Test: Crear un cliente potencial
----------------------------------------------------------------------
Traceback (most recent call last):
  File "C:\Users\User\Documents\Sistema pos\pos\tests\test_clientes.py", line 61, in test_crear_cliente
    self.assertEqual(response.status_code, 200)
    ~~~~~~~~~~~~~~~~^^^^^^^^^^^^^^^^^^^^^^^^^^^
AssertionError: 302 != 200

======================================================================
FAIL: test_completar_salida_mercancia (pos.tests.test_inventario.InventarioTestCase.test_completar_salida_mercancia)
Test: Completar una salida de mercancÝa
----------------------------------------------------------------------
Traceback (most recent call last):
  File "C:\Users\User\Documents\Sistema pos\pos\tests\test_inventario.py", line 189, in test_completar_salida_mercancia
    self.assertTrue(salida.completado)
    ~~~~~~~~~~~~~~~^^^^^^^^^^^^^^^^^^^
AssertionError: False is not true

======================================================================
FAIL: test_crear_ingreso_mercancia (pos.tests.test_inventario.InventarioTestCase.test_crear_ingreso_mercancia)
Test: Crear un ingreso de mercancÝa
----------------------------------------------------------------------
Traceback (most recent call last):
  File "C:\Users\User\Documents\Sistema pos\pos\tests\test_inventario.py", line 71, in test_crear_ingreso_mercancia
    self.assertIsNotNone(ingreso)
    ~~~~~~~~~~~~~~~~~~~~^^^^^^^^^
AssertionError: unexpectedly None

======================================================================
FAIL: test_crear_salida_mercancia (pos.tests.test_inventario.InventarioTestCase.test_crear_salida_mercancia)
Test: Crear una salida de mercancÝa
----------------------------------------------------------------------
Traceback (most recent call last):
  File "C:\Users\User\Documents\Sistema pos\pos\tests\test_inventario.py", line 157, in test_crear_salida_mercancia
    self.assertIsNotNone(salida)
    ~~~~~~~~~~~~~~~~~~~~^^^^^^^^
AssertionError: unexpectedly None

======================================================================
FAIL: test_verificar_y_procesar_items_ingreso 
(pos.tests.test_inventario.InventarioTestCase.test_verificar_y_procesar_items_ingreso)
Test: Verificar y procesar items de un ingreso
----------------------------------------------------------------------
Traceback (most recent call last):
  File "C:\Users\User\Documents\Sistema pos\pos\tests\test_inventario.py", line 108, in 
test_verificar_y_procesar_items_ingreso
    self.assertEqual(response.status_code, 200)
    ~~~~~~~~~~~~~~~~^^^^^^^^^^^^^^^^^^^^^^^^^^^
AssertionError: 302 != 200

======================================================================
FAIL: test_ranking_excluye_anuladas (pos.tests.test_marketing.MarketingTestCase.test_ranking_excluye_anuladas)
Test: Verificar que las ventas anuladas no cuentan en el ranking
----------------------------------------------------------------------
Traceback (most recent call last):
  File "C:\Users\User\Documents\Sistema pos\pos\tests\test_marketing.py", line 113, in test_ranking_excluye_anuladas
    self.assertEqual(response.status_code, 200)
    ~~~~~~~~~~~~~~~~^^^^^^^^^^^^^^^^^^^^^^^^^^^
AssertionError: 302 != 200

======================================================================
FAIL: test_ranking_vendedores (pos.tests.test_marketing.MarketingTestCase.test_ranking_vendedores)
Test: Verificar ranking de vendedores
----------------------------------------------------------------------
Traceback (most recent call last):
  File "C:\Users\User\Documents\Sistema pos\pos\tests\test_marketing.py", line 82, in test_ranking_vendedores
    self.assertEqual(response.status_code, 200)
    ~~~~~~~~~~~~~~~~^^^^^^^^^^^^^^^^^^^^^^^^^^^
AssertionError: 302 != 200

======================================================================
FAIL: test_filtrar_movimientos_por_fecha 
(pos.tests.test_movimientos_inventario.MovimientosInventarioTestCase.test_filtrar_movimientos_por_fecha)
Test: Filtrar movimientos por rango de fechas
----------------------------------------------------------------------
Traceback (most recent call last):
  File "C:\Users\User\Documents\Sistema pos\pos\tests\test_movimientos_inventario.py", line 183, in 
test_filtrar_movimientos_por_fecha
    self.assertEqual(response.status_code, 200)
    ~~~~~~~~~~~~~~~~^^^^^^^^^^^^^^^^^^^^^^^^^^^
AssertionError: 302 != 200

======================================================================
FAIL: test_filtrar_movimientos_por_producto 
(pos.tests.test_movimientos_inventario.MovimientosInventarioTestCase.test_filtrar_movimientos_por_producto)
Test: Filtrar movimientos por producto
----------------------------------------------------------------------
Traceback (most recent call last):
  File "C:\Users\User\Documents\Sistema pos\pos\tests\test_movimientos_inventario.py", line 105, in 
test_filtrar_movimientos_por_producto
    self.assertEqual(response.status_code, 200)
    ~~~~~~~~~~~~~~~~^^^^^^^^^^^^^^^^^^^^^^^^^^^
AssertionError: 302 != 200

======================================================================
FAIL: test_filtrar_movimientos_por_tipo 
(pos.tests.test_movimientos_inventario.MovimientosInventarioTestCase.test_filtrar_movimientos_por_tipo)
Test: Filtrar movimientos por tipo
----------------------------------------------------------------------
Traceback (most recent call last):
  File "C:\Users\User\Documents\Sistema pos\pos\tests\test_movimientos_inventario.py", line 138, in 
test_filtrar_movimientos_por_tipo
    self.assertEqual(response.status_code, 200)
    ~~~~~~~~~~~~~~~~^^^^^^^^^^^^^^^^^^^^^^^^^^^
AssertionError: 302 != 200

======================================================================
FAIL: test_listar_movimientos 
(pos.tests.test_movimientos_inventario.MovimientosInventarioTestCase.test_listar_movimientos)
Test: Listar movimientos de inventario
----------------------------------------------------------------------
Traceback (most recent call last):
  File "C:\Users\User\Documents\Sistema pos\pos\tests\test_movimientos_inventario.py", line 62, in 
test_listar_movimientos
    self.assertEqual(response.status_code, 200)
    ~~~~~~~~~~~~~~~~^^^^^^^^^^^^^^^^^^^^^^^^^^^
AssertionError: 302 != 200

======================================================================
FAIL: test_crear_usuario (pos.tests.test_usuarios.UsuariosTestCase.test_crear_usuario)
Test: Crear un nuevo usuario
----------------------------------------------------------------------
Traceback (most recent call last):
  File "C:\Users\User\Documents\Sistema pos\pos\tests\test_usuarios.py", line 82, in test_crear_usuario
    self.assertIsNotNone(usuario)
    ~~~~~~~~~~~~~~~~~~~~^^^^^^^^^
AssertionError: unexpectedly None

======================================================================
FAIL: test_listar_usuarios (pos.tests.test_usuarios.UsuariosTestCase.test_listar_usuarios)
Test: Listar usuarios
----------------------------------------------------------------------
Traceback (most recent call last):
  File "C:\Users\User\Documents\Sistema pos\pos\tests\test_usuarios.py", line 57, in test_listar_usuarios
    self.assertEqual(response.status_code, 200)
    ~~~~~~~~~~~~~~~~^^^^^^^^^^^^^^^^^^^^^^^^^^^
AssertionError: 302 != 200

======================================================================
FAIL: test_anular_venta (pos.tests.test_ventas.VentasTestCase.test_anular_venta)
Test: Anular una venta y devolver stock
----------------------------------------------------------------------
Traceback (most recent call last):
  File "C:\Users\User\Documents\Sistema pos\pos\tests\test_ventas.py", line 160, in test_anular_venta
    self.assertEqual(response.status_code, 200)
    ~~~~~~~~~~~~~~~~^^^^^^^^^^^^^^^^^^^^^^^^^^^
AssertionError: 302 != 200

======================================================================
FAIL: test_crear_venta_efectivo (pos.tests.test_ventas.VentasTestCase.test_crear_venta_efectivo)
Test: Crear una venta en efectivo
----------------------------------------------------------------------
Traceback (most recent call last):
  File "C:\Users\User\Documents\Sistema pos\pos\tests\test_ventas.py", line 70, in test_crear_venta_efectivo
    self.assertTrue(data['success'])
    ~~~~~~~~~~~~~~~^^^^^^^^^^^^^^^^^
AssertionError: False is not true

======================================================================
FAIL: test_crear_venta_tarjeta (pos.tests.test_ventas.VentasTestCase.test_crear_venta_tarjeta)
Test: Crear una venta con tarjeta
----------------------------------------------------------------------
Traceback (most recent call last):
  File "C:\Users\User\Documents\Sistema pos\pos\tests\test_ventas.py", line 102, in test_crear_venta_tarjeta
    self.assertTrue(data['success'])
    ~~~~~~~~~~~~~~~^^^^^^^^^^^^^^^^^
AssertionError: False is not true

======================================================================
FAIL: test_venta_sin_stock_suficiente (pos.tests.test_ventas.VentasTestCase.test_venta_sin_stock_suficiente)
Test: Intentar vender mßs de lo que hay en stock
----------------------------------------------------------------------
Traceback (most recent call last):
  File "C:\Users\User\Documents\Sistema pos\pos\tests\test_ventas.py", line 122, in test_venta_sin_stock_suficiente
    self.assertIn('Stock insuficiente', data['error'])
    ~~~~~~~~~~~~~^^^^^^^^^^^^^^^^^^^^^^^^^^^^^^^^^^^^^
AssertionError: 'Stock insuficiente' not found in 'Debes abrir una caja antes de realizar ventas. Por favor, abre la 
caja desde el Dashboard.'

----------------------------------------------------------------------
Ran 33 tests in 7.913s

FAILED (failures=18, errors=9)
Destroying test database for alias 'default'...

